192.168.100.50 - - [06/Feb/2026:21:21:02 -0800] "PUT /login HTTP/1.1" 403 21804 "https://google.com" "Mozilla/5.0 (X11; Linux x86_64)"
198.51.100.8 - - [06/Feb/2026:07:43:02 -0800] "PUT /products HTTP/1.1" 401 22638 "https://google.com" "Mozilla/5.0 (X11; Linux x86_64)"
172.16.0.10 - - [03/Feb/2026:13:00:02 -0800] "PUT /about HTTP/1.1" 502 42225 "-" "Mozilla/5.0 (Macintosh; Intel Mac OS X 10_15_7)"
203.0.113.42 - - [03/Feb/2026:20:09:02 -0800] "HEAD /products/1 HTTP/1.1" 403 23866 "-" "Mozilla/5.0 (X11; Linux x86_64)"
192.168.100.50 - user15 [04/Feb/2026:21:52:02 -0800] "POST /contact HTTP/1.1" 401 46389 "-" "Mozilla/5.0 (Windows NT 10.0; Win64; x64)"
203.0.113.42 - - [07/Feb/2026:01:49:02 -0800] "PUT /index.html HTTP/1.1" 301 19002 "-" "Mozilla/5.0 (X11; Linux x86_64)"
10.0.0.5 - - [06/Feb/2026:01:39:02 -0800] "HEAD /login HTTP/1.1" 200 949 "-" "python-requests/2.25.1"
203.0.113.42 - - [01/Feb/2026:18:41:02 -0800] "PUT / HTTP/1.1" 403 28787 "-" "Mozilla/5.0 (X11; Linux x86_64)"
203.0.113.42 - - [07/Feb/2026:01:49:02 -0800] "POST /index.html HTTP/1.1" 201 1043 "-" "curl/7.64.1"
203.0.113.42 - - [07/Feb/2026:11:53:02 -0800] "PUT /api/posts HTTP/1.1" 400 43554 "https://google.com" "Mozilla/5.0 (Macintosh; Intel Mac OS X 10_15_7)"
192.0.2.15 - - [03/Feb/2026:11:17:02 -0800] "PUT /about HTTP/1.1" 403 29939 "-" "python-requests/2.25.1"
203.0.113.42 - - [06/Feb/2026:21:30:02 -0800] "POST /contact HTTP/1.1" 404 40106 "-" "Mozilla/5.0 (X11; Linux x86_64)"
192.168.100.50 - - [07/Feb/2026:23:33:02 -0800] "PUT / HTTP/1.1" 503 7414 "-" "curl/7.64.1"
10.0.0.5 - - [05/Feb/2026:01:08:02 -0800] "DELETE /admin HTTP/1.1" 201 12302 "-" "Mozilla/5.0 (X11; Linux x86_64)"
192.168.1.1 - - [03/Feb/2026:04:06:02 -0800] "POST /style.css HTTP/1.1" 401 695 "-" "Mozilla/5.0 (Macintosh; Intel Mac OS X 10_15_7)"
172.16.0.10 - - [03/Feb/2026:07:34:02 -0800] "HEAD /style.css HTTP/1.1" 301 22805 "https://google.com" "Mozilla/5.0 (Macintosh; Intel Mac OS X 10_15_7)"
10.20.30.40 - - [04/Feb/2026:21:21:02 -0800] "DELETE /login HTTP/1.1" 401 49465 "-" "Mozilla/5.0 (Windows NT 10.0; Win64; x64)"
172.16.0.10 - - [05/Feb/2026:17:29:02 -0800] "PUT /index.html HTTP/1.1" 502 31088 "https://google.com" "Mozilla/5.0 (Windows NT 10.0; Win64; x64)"
198.51.100.8 - - [08/Feb/2026:04:02:02 -0800] "PUT /script.js HTTP/1.1" 403 35130 "-" "Mozilla/5.0 (Macintosh; Intel Mac OS X 10_15_7)"
172.16.0.10 - user34 [04/Feb/2026:20:21:02 -0800] "GET /checkout HTTP/1.1" 301 37499 "https://google.com" "python-requests/2.25.1"
10.20.30.40 - - [02/Feb/2026:17:24:02 -0800] "PUT /login HTTP/1.1" 201 11777 "-" "Mozilla/5.0 (Windows NT 10.0; Win64; x64)"
10.0.0.5 - - [02/Feb/2026:14:57:02 -0800] "PUT / HTTP/1.1" 204 7251 "-" "Mozilla/5.0 (Windows NT 10.0; Win64; x64)"
192.168.100.50 - user69 [01/Feb/2026:19:23:02 -0800] "DELETE /login HTTP/1.1" 200 34183 "-" "Mozilla/5.0 (X11; Linux x86_64)"
10.0.0.5 - - [07/Feb/2026:01:47:02 -0800] "HEAD /index.html HTTP/1.1" 301 22398 "https://google.com" "python-requests/2.25.1"
172.16.0.10 - - [02/Feb/2026:13:33:02 -0800] "GET /script.js HTTP/1.1" 301 26867 "https://google.com" "Mozilla/5.0 (Macintosh; Intel Mac OS X 10_15_7)"
10.20.30.40 - - [02/Feb/2026:23:45:02 -0800] "HEAD /style.css HTTP/1.1" 400 36821 "https://google.com" "python-requests/2.25.1"
10.0.0.5 - - [04/Feb/2026:21:14:02 -0800] "GET /checkout HTTP/1.1" 404 36111 "https://google.com" "Mozilla/5.0 (Windows NT 10.0; Win64; x64)"
192.168.100.50 - - [06/Feb/2026:03:27:02 -0800] "DELETE /products/1 HTTP/1.1" 502 28587 "-" "python-requests/2.25.1"
192.0.2.15 - - [08/Feb/2026:01:11:02 -0800] "HEAD /admin HTTP/1.1" 502 19891 "https://google.com" "Mozilla/5.0 (X11; Linux x86_64)"
192.168.1.1 - - [04/Feb/2026:04:56:02 -0800] "POST /style.css HTTP/1.1" 201 33584 "https://google.com" "Mozilla/5.0 (Windows NT 10.0; Win64; x64)"
203.0.113.42 - - [03/Feb/2026:12:58:02 -0800] "GET /admin HTTP/1.1" 400 11745 "-" "python-requests/2.25.1"
10.0.0.5 - - [06/Feb/2026:08:53:02 -0800] "POST /contact HTTP/1.1" 404 34156 "https://google.com" "Mozilla/5.0 (X11; Linux x86_64)"
10.0.0.5 - user48 [08/Feb/2026:07:42:02 -0800] "DELETE /products/1 HTTP/1.1" 500 49697 "-" "Mozilla/5.0 (Windows NT 10.0; Win64; x64)"
192.168.100.50 - - [05/Feb/2026:14:59:02 -0800] "POST /contact HTTP/1.1" 400 28958 "-" "curl/7.64.1"
172.16.0.10 - - [07/Feb/2026:17:36:02 -0800] "POST /script.js HTTP/1.1" 403 22107 "https://google.com" "python-requests/2.25.1"
10.20.30.40 - - [02/Feb/2026:05:13:02 -0800] "POST /contact HTTP/1.1" 502 30907 "-" "Mozilla/5.0 (X11; Linux x86_64)"
172.16.0.10 - user51 [05/Feb/2026:05:11:02 -0800] "HEAD /api/posts HTTP/1.1" 200 497 "https://google.com" "curl/7.64.1"
10.20.30.40 - - [05/Feb/2026:09:34:02 -0800] "PUT /products HTTP/1.1" 404 17495 "-" "curl/7.64.1"
172.16.0.10 - - [03/Feb/2026:04:45:02 -0800] "DELETE /api/posts HTTP/1.1" 204 12945 "-" "Mozilla/5.0 (X11; Linux x86_64)"
192.0.2.15 - - [07/Feb/2026:20:03:02 -0800] "DELETE /contact HTTP/1.1" 302 36464 "-" "curl/7.64.1"
192.168.1.1 - - [04/Feb/2026:23:12:02 -0800] "GET /style.css HTTP/1.1" 500 18209 "https://google.com" "curl/7.64.1"
203.0.113.42 - - [02/Feb/2026:08:54:02 -0800] "HEAD / HTTP/1.1" 503 44682 "-" "Mozilla/5.0 (Windows NT 10.0; Win64; x64)"
198.51.100.8 - user80 [05/Feb/2026:03:33:02 -0800] "PUT /contact HTTP/1.1" 302 42866 "-" "Mozilla/5.0 (X11; Linux x86_64)"
198.51.100.8 - user26 [05/Feb/2026:14:25:02 -0800] "PUT /images/logo.png HTTP/1.1" 400 33220 "-" "python-requests/2.25.1"
192.168.1.1 - - [07/Feb/2026:08:42:02 -0800] "DELETE /api/users HTTP/1.1" 503 34479 "-" "Mozilla/5.0 (X11; Linux x86_64)"
198.51.100.8 - - [05/Feb/2026:17:24:02 -0800] "POST /script.js HTTP/1.1" 502 34062 "https://google.com" "Mozilla/5.0 (Windows NT 10.0; Win64; x64)"
203.0.113.42 - user74 [06/Feb/2026:11:50:02 -0800] "POST /contact HTTP/1.1" 503 5907 "-" "Mozilla/5.0 (X11; Linux x86_64)"
192.168.100.50 - - [06/Feb/2026:05:09:02 -0800] "HEAD /index.html HTTP/1.1" 302 49948 "https://google.com" "curl/7.64.1"
10.0.0.5 - user2 [06/Feb/2026:16:57:02 -0800] "POST /about HTTP/1.1" 403 1928 "-" "curl/7.64.1"
10.20.30.40 - - [01/Feb/2026:16:51:02 -0800] "DELETE /api/posts HTTP/1.1" 401 27512 "-" "Mozilla/5.0 (Macintosh; Intel Mac OS X 10_15_7)"
192.168.1.1 - - [05/Feb/2026:07:09:02 -0800] "DELETE /api/users HTTP/1.1" 301 3053 "-" "Mozilla/5.0 (Windows NT 10.0; Win64; x64)"
10.0.0.5 - - [08/Feb/2026:04:12:02 -0800] "PUT /contact HTTP/1.1" 201 49265 "-" "Mozilla/5.0 (Macintosh; Intel Mac OS X 10_15_7)"
172.16.0.10 - - [02/Feb/2026:17:50:02 -0800] "GET /admin HTTP/1.1" 404 10506 "-" "Mozilla/5.0 (X11; Linux x86_64)"
172.16.0.10 - - [05/Feb/2026:20:06:02 -0800] "HEAD /api/users HTTP/1.1" 302 48791 "-" "curl/7.64.1"
192.168.100.50 - - [02/Feb/2026:15:32:02 -0800] "HEAD /login HTTP/1.1" 200 2861 "-" "Mozilla/5.0 (Macintosh; Intel Mac OS X 10_15_7)"
10.0.0.5 - - [06/Feb/2026:03:18:02 -0800] "POST /style.css HTTP/1.1" 204 43133 "-" "curl/7.64.1"
10.20.30.40 - - [03/Feb/2026:05:38:02 -0800] "GET /about HTTP/1.1" 403 16153 "-" "Mozilla/5.0 (Macintosh; Intel Mac OS X 10_15_7)"
198.51.100.8 - - [01/Feb/2026:19:07:02 -0800] "GET /index.html HTTP/1.1" 503 28813 "https://google.com" "curl/7.64.1"
203.0.113.42 - user56 [06/Feb/2026:02:12:02 -0800] "HEAD /index.html HTTP/1.1" 500 8287 "-" "Mozilla/5.0 (X11; Linux x86_64)"
172.16.0.10 - - [02/Feb/2026:06:25:02 -0800] "PUT /products/1 HTTP/1.1" 302 24040 "https://google.com" "python-requests/2.25.1"
192.168.1.1 - - [02/Feb/2026:22:22:02 -0800] "GET /api/users HTTP/1.1" 502 42650 "-" "curl/7.64.1"
172.16.0.10 - - [07/Feb/2026:06:04:02 -0800] "HEAD /admin HTTP/1.1" 404 44131 "-" "Mozilla/5.0 (X11; Linux x86_64)"
203.0.113.42 - - [03/Feb/2026:17:51:02 -0800] "DELETE /script.js HTTP/1.1" 500 31029 "https://google.com" "curl/7.64.1"
192.0.2.15 - user88 [07/Feb/2026:05:14:02 -0800] "GET /login HTTP/1.1" 502 10076 "-" "Mozilla/5.0 (Windows NT 10.0; Win64; x64)"
192.0.2.15 - - [02/Feb/2026:22:20:02 -0800] "HEAD /contact HTTP/1.1" 403 36749 "-" "Mozilla/5.0 (Windows NT 10.0; Win64; x64)"
172.16.0.10 - user52 [02/Feb/2026:18:30:02 -0800] "HEAD /products HTTP/1.1" 302 10306 "-" "Mozilla/5.0 (Macintosh; Intel Mac OS X 10_15_7)"
203.0.113.42 - - [02/Feb/2026:05:31:02 -0800] "POST /checkout HTTP/1.1" 403 30441 "https://google.com" "Mozilla/5.0 (Windows NT 10.0; Win64; x64)"
10.20.30.40 - - [05/Feb/2026:15:31:02 -0800] "HEAD /style.css HTTP/1.1" 502 14324 "https://google.com" "python-requests/2.25.1"
10.0.0.5 - - [03/Feb/2026:19:19:02 -0800] "PUT /contact HTTP/1.1" 302 798 "-" "python-requests/2.25.1"
198.51.100.8 - - [05/Feb/2026:04:20:02 -0800] "POST /script.js HTTP/1.1" 301 27994 "https://google.com" "Mozilla/5.0 (Windows NT 10.0; Win64; x64)"
192.0.2.15 - - [03/Feb/2026:23:04:02 -0800] "GET /products HTTP/1.1" 200 25034 "https://google.com" "python-requests/2.25.1"
198.51.100.8 - - [02/Feb/2026:20:24:02 -0800] "HEAD /products HTTP/1.1" 301 11305 "https://google.com" "curl/7.64.1"
203.0.113.42 - - [02/Feb/2026:22:31:02 -0800] "GET /images/logo.png HTTP/1.1" 204 42961 "https://google.com" "Mozilla/5.0 (Windows NT 10.0; Win64; x64)"
172.16.0.10 - - [08/Feb/2026:09:37:02 -0800] "DELETE /contact HTTP/1.1" 403 47020 "https://google.com" "Mozilla/5.0 (Macintosh; Intel Mac OS X 10_15_7)"
192.0.2.15 - - [03/Feb/2026:23:43:02 -0800] "DELETE /products/1 HTTP/1.1" 403 20969 "https://google.com" "python-requests/2.25.1"
198.51.100.8 - - [01/Feb/2026:16:46:02 -0800] "PUT /script.js HTTP/1.1" 404 1301 "https://google.com" "Mozilla/5.0 (Macintosh; Intel Mac OS X 10_15_7)"
192.168.100.50 - - [02/Feb/2026:07:10:02 -0800] "GET /api/users HTTP/1.1" 204 17451 "https://google.com" "Mozilla/5.0 (X11; Linux x86_64)"
203.0.113.42 - - [02/Feb/2026:04:09:02 -0800] "POST /index.html HTTP/1.1" 503 38867 "https://google.com" "python-requests/2.25.1"
10.0.0.5 - - [06/Feb/2026:06:34:02 -0800] "PUT /api/posts HTTP/1.1" 302 27754 "-" "Mozilla/5.0 (Windows NT 10.0; Win64; x64)"
192.168.1.1 - - [08/Feb/2026:01:20:02 -0800] "POST /admin HTTP/1.1" 301 3522 "-" "Mozilla/5.0 (Windows NT 10.0; Win64; x64)"
10.0.0.5 - user6 [03/Feb/2026:03:50:02 -0800] "POST / HTTP/1.1" 404 10139 "https://google.com" "curl/7.64.1"
172.16.0.10 - - [03/Feb/2026:20:02:02 -0800] "PUT /about HTTP/1.1" 301 24424 "-" "python-requests/2.25.1"
192.0.2.15 - - [07/Feb/2026:12:03:02 -0800] "DELETE /images/logo.png HTTP/1.1" 204 36569 "https://google.com" "Mozilla/5.0 (X11; Linux x86_64)"
10.0.0.5 - - [01/Feb/2026:14:37:02 -0800] "HEAD /admin HTTP/1.1" 403 31667 "-" "python-requests/2.25.1"
192.168.100.50 - - [06/Feb/2026:15:58:02 -0800] "DELETE /contact HTTP/1.1" 502 25141 "-" "Mozilla/5.0 (X11; Linux x86_64)"
10.20.30.40 - - [06/Feb/2026:05:51:02 -0800] "DELETE /style.css HTTP/1.1" 204 36262 "-" "curl/7.64.1"
192.168.100.50 - - [06/Feb/2026:14:55:02 -0800] "GET /index.html HTTP/1.1" 404 36373 "https://google.com" "python-requests/2.25.1"
192.0.2.15 - - [01/Feb/2026:17:01:02 -0800] "PUT / HTTP/1.1" 403 34380 "-" "Mozilla/5.0 (Macintosh; Intel Mac OS X 10_15_7)"
10.20.30.40 - - [07/Feb/2026:16:29:02 -0800] "HEAD /api/posts HTTP/1.1" 502 46448 "-" "Mozilla/5.0 (X11; Linux x86_64)"
192.168.100.50 - - [05/Feb/2026:20:09:02 -0800] "DELETE /products HTTP/1.1" 201 25669 "-" "Mozilla/5.0 (Windows NT 10.0; Win64; x64)"
10.20.30.40 - - [03/Feb/2026:05:52:02 -0800] "DELETE /checkout HTTP/1.1" 200 6893 "https://google.com" "python-requests/2.25.1"
172.16.0.10 - user44 [05/Feb/2026:20:24:02 -0800] "PUT /index.html HTTP/1.1" 301 26409 "-" "Mozilla/5.0 (Windows NT 10.0; Win64; x64)"
192.168.100.50 - - [05/Feb/2026:14:02:02 -0800] "PUT /products/1 HTTP/1.1" 403 27269 "https://google.com" "Mozilla/5.0 (Windows NT 10.0; Win64; x64)"
172.16.0.10 - - [05/Feb/2026:05:59:02 -0800] "HEAD /products/1 HTTP/1.1" 503 34756 "-" "Mozilla/5.0 (Macintosh; Intel Mac OS X 10_15_7)"
172.16.0.10 - - [07/Feb/2026:23:51:02 -0800] "PUT /api/users HTTP/1.1" 201 3244 "-" "Mozilla/5.0 (X11; Linux x86_64)"
192.168.100.50 - - [03/Feb/2026:12:21:02 -0800] "HEAD /script.js HTTP/1.1" 502 20084 "-" "Mozilla/5.0 (Macintosh; Intel Mac OS X 10_15_7)"
192.168.100.50 - - [06/Feb/2026:13:55:02 -0800] "POST /api/posts HTTP/1.1" 400 27099 "-" "Mozilla/5.0 (Macintosh; Intel Mac OS X 10_15_7)"
192.0.2.15 - - [06/Feb/2026:12:18:02 -0800] "POST /products/1 HTTP/1.1" 403 34352 "https://google.com" "Mozilla/5.0 (Macintosh; Intel Mac OS X 10_15_7)"
10.0.0.5 - user5 [04/Feb/2026:15:49:02 -0800] "HEAD /index.html HTTP/1.1" 404 8069 "-" "Mozilla/5.0 (X11; Linux x86_64)"
172.16.0.10 - - [02/Feb/2026:06:54:02 -0800] "PUT /admin HTTP/1.1" 404 21427 "-" "Mozilla/5.0 (Windows NT 10.0; Win64; x64)"
172.16.0.10 - - [08/Feb/2026:08:53:02 -0800] "POST /style.css HTTP/1.1" 301 33942 "-" "Mozilla/5.0 (X11; Linux x86_64)"
10.0.0.5 - user47 [02/Feb/2026:06:06:02 -0800] "GET /contact HTTP/1.1" 400 47921 "https://google.com" "Mozilla/5.0 (Macintosh; Intel Mac OS X 10_15_7)"
172.16.0.10 - - [05/Feb/2026:11:47:02 -0800] "PUT /products HTTP/1.1" 204 36203 "-" "Mozilla/5.0 (Windows NT 10.0; Win64; x64)"
192.168.100.50 - - [03/Feb/2026:16:32:02 -0800] "GET /index.html HTTP/1.1" 403 17287 "https://google.com" "python-requests/2.25.1"
172.16.0.10 - - [05/Feb/2026:21:52:02 -0800] "GET /about HTTP/1.1" 301 17433 "-" "curl/7.64.1"
203.0.113.42 - - [03/Feb/2026:14:42:02 -0800] "GET /checkout HTTP/1.1" 403 43041 "-" "Mozilla/5.0 (Windows NT 10.0; Win64; x64)"
192.168.1.1 - - [03/Feb/2026:04:02:02 -0800] "HEAD /api/posts HTTP/1.1" 400 3851 "https://google.com" "Mozilla/5.0 (X11; Linux x86_64)"
172.16.0.10 - - [06/Feb/2026:01:57:02 -0800] "DELETE /images/logo.png HTTP/1.1" 401 34896 "https://google.com" "Mozilla/5.0 (Windows NT 10.0; Win64; x64)"
192.168.100.50 - - [05/Feb/2026:16:34:02 -0800] "PUT /images/logo.png HTTP/1.1" 500 12422 "https://google.com" "curl/7.64.1"
172.16.0.10 - user12 [06/Feb/2026:16:43:02 -0800] "DELETE /products HTTP/1.1" 302 42909 "-" "curl/7.64.1"
192.168.1.1 - - [03/Feb/2026:07:41:02 -0800] "GET /images/logo.png HTTP/1.1" 403 6792 "-" "python-requests/2.25.1"
192.0.2.15 - user36 [03/Feb/2026:01:04:02 -0800] "DELETE /api/posts HTTP/1.1" 503 22249 "-" "curl/7.64.1"
192.168.1.1 - user30 [08/Feb/2026:12:52:02 -0800] "DELETE /contact HTTP/1.1" 500 17604 "-" "Mozilla/5.0 (X11; Linux x86_64)"
192.168.1.1 - - [03/Feb/2026:12:35:02 -0800] "POST /api/users HTTP/1.1" 500 26816 "-" "Mozilla/5.0 (X11; Linux x86_64)"
192.168.100.50 - - [03/Feb/2026:11:02:02 -0800] "DELETE /login HTTP/1.1" 401 42178 "-" "Mozilla/5.0 (Macintosh; Intel Mac OS X 10_15_7)"
192.168.100.50 - user74 [08/Feb/2026:01:05:02 -0800] "GET /products/1 HTTP/1.1" 302 28881 "https://google.com" "curl/7.64.1"
192.168.100.50 - - [05/Feb/2026:19:48:02 -0800] "HEAD /api/posts HTTP/1.1" 302 8971 "https://google.com" "Mozilla/5.0 (X11; Linux x86_64)"
198.51.100.8 - user59 [07/Feb/2026:13:31:02 -0800] "HEAD /products HTTP/1.1" 500 25378 "-" "Mozilla/5.0 (Macintosh; Intel Mac OS X 10_15_7)"
172.16.0.10 - user29 [02/Feb/2026:18:57:02 -0800] "PUT /about HTTP/1.1" 503 23465 "-" "python-requests/2.25.1"
192.168.100.50 - - [04/Feb/2026:01:43:02 -0800] "GET /admin HTTP/1.1" 200 5925 "-" "python-requests/2.25.1"
198.51.100.8 - - [06/Feb/2026:09:18:02 -0800] "DELETE /products/1 HTTP/1.1" 200 6277 "-" "curl/7.64.1"
192.0.2.15 - - [02/Feb/2026:23:29:02 -0800] "DELETE /about HTTP/1.1" 201 39537 "-" "Mozilla/5.0 (Windows NT 10.0; Win64; x64)"
172.16.0.10 - user81 [08/Feb/2026:08:49:02 -0800] "DELETE /contact HTTP/1.1" 403 26578 "-" "curl/7.64.1"
172.16.0.10 - - [04/Feb/2026:22:17:02 -0800] "GET /login HTTP/1.1" 200 33969 "https://google.com" "Mozilla/5.0 (Macintosh; Intel Mac OS X 10_15_7)"
192.168.100.50 - - [04/Feb/2026:20:34:02 -0800] "GET /api/users HTTP/1.1" 204 25807 "-" "Mozilla/5.0 (Macintosh; Intel Mac OS X 10_15_7)"
192.168.1.1 - - [05/Feb/2026:17:50:02 -0800] "DELETE /checkout HTTP/1.1" 401 41976 "https://google.com" "curl/7.64.1"
203.0.113.42 - - [06/Feb/2026:01:50:02 -0800] "PUT /images/logo.png HTTP/1.1" 301 25467 "https://google.com" "Mozilla/5.0 (Windows NT 10.0; Win64; x64)"
192.0.2.15 - user71 [01/Feb/2026:13:21:02 -0800] "PUT /index.html HTTP/1.1" 500 25938 "https://google.com" "Mozilla/5.0 (Macintosh; Intel Mac OS X 10_15_7)"
192.168.1.1 - - [03/Feb/2026:10:27:02 -0800] "DELETE /api/users HTTP/1.1" 404 40081 "-" "curl/7.64.1"
198.51.100.8 - user29 [04/Feb/2026:15:21:02 -0800] "PUT /products HTTP/1.1" 404 45660 "-" "Mozilla/5.0 (Windows NT 10.0; Win64; x64)"
192.0.2.15 - user96 [02/Feb/2026:20:35:02 -0800] "PUT /checkout HTTP/1.1" 401 18615 "-" "python-requests/2.25.1"
192.168.1.1 - user18 [07/Feb/2026:05:15:02 -0800] "DELETE /index.html HTTP/1.1" 500 964 "https://google.com" "Mozilla/5.0 (Macintosh; Intel Mac OS X 10_15_7)"
10.0.0.5 - - [06/Feb/2026:04:46:02 -0800] "POST /admin HTTP/1.1" 201 30364 "https://google.com" "Mozilla/5.0 (Windows NT 10.0; Win64; x64)"
203.0.113.42 - - [06/Feb/2026:02:08:02 -0800] "PUT /images/logo.png HTTP/1.1" 204 20697 "https://google.com" "Mozilla/5.0 (Windows NT 10.0; Win64; x64)"
203.0.113.42 - - [02/Feb/2026:23:52:02 -0800] "DELETE /index.html HTTP/1.1" 204 9915 "-" "Mozilla/5.0 (Macintosh; Intel Mac OS X 10_15_7)"
172.16.0.10 - - [05/Feb/2026:12:37:02 -0800] "GET /admin HTTP/1.1" 204 17851 "https://google.com" "Mozilla/5.0 (Windows NT 10.0; Win64; x64)"
203.0.113.42 - user87 [06/Feb/2026:20:21:02 -0800] "PUT /style.css HTTP/1.1" 200 32244 "-" "curl/7.64.1"
10.20.30.40 - - [07/Feb/2026:21:56:02 -0800] "DELETE / HTTP/1.1" 401 50070 "-" "python-requests/2.25.1"
192.168.1.1 - - [05/Feb/2026:03:08:02 -0800] "DELETE /script.js HTTP/1.1" 401 24007 "https://google.com" "curl/7.64.1"
172.16.0.10 - - [08/Feb/2026:01:02:02 -0800] "GET /products HTTP/1.1" 201 10700 "-" "curl/7.64.1"
198.51.100.8 - - [06/Feb/2026:06:19:02 -0800] "PUT /checkout HTTP/1.1" 502 1855 "https://google.com" "Mozilla/5.0 (X11; Linux x86_64)"
10.0.0.5 - - [04/Feb/2026:20:54:02 -0800] "HEAD /contact HTTP/1.1" 502 46832 "https://google.com" "python-requests/2.25.1"
198.51.100.8 - - [05/Feb/2026:08:04:02 -0800] "POST / HTTP/1.1" 200 7148 "https://google.com" "curl/7.64.1"
192.168.1.1 - - [05/Feb/2026:21:38:02 -0800] "HEAD /products HTTP/1.1" 401 44799 "-" "Mozilla/5.0 (Windows NT 10.0; Win64; x64)"
198.51.100.8 - user26 [07/Feb/2026:00:11:02 -0800] "POST /admin HTTP/1.1" 400 40641 "-" "Mozilla/5.0 (Windows NT 10.0; Win64; x64)"
198.51.100.8 - user86 [02/Feb/2026:04:02:02 -0800] "HEAD /login HTTP/1.1" 204 338 "-" "python-requests/2.25.1"
203.0.113.42 - - [07/Feb/2026:11:54:02 -0800] "HEAD /checkout HTTP/1.1" 404 34017 "https://google.com" "python-requests/2.25.1"
198.51.100.8 - - [04/Feb/2026:11:14:02 -0800] "GET /script.js HTTP/1.1" 204 4454 "-" "curl/7.64.1"
172.16.0.10 - user26 [03/Feb/2026:00:02:02 -0800] "PUT /index.html HTTP/1.1" 403 37310 "https://google.com" "Mozilla/5.0 (Windows NT 10.0; Win64; x64)"
192.168.100.50 - - [07/Feb/2026:04:41:02 -0800] "PUT /login HTTP/1.1" 502 41486 "-" "Mozilla/5.0 (Windows NT 10.0; Win64; x64)"
192.168.1.1 - - [08/Feb/2026:00:09:02 -0800] "POST /checkout HTTP/1.1" 301 7330 "-" "Mozilla/5.0 (X11; Linux x86_64)"
192.0.2.15 - - [04/Feb/2026:08:11:02 -0800] "POST /checkout HTTP/1.1" 502 29012 "https://google.com" "Mozilla/5.0 (Macintosh; Intel Mac OS X 10_15_7)"
192.168.1.1 - user27 [06/Feb/2026:12:09:02 -0800] "POST /products/1 HTTP/1.1" 401 24164 "-" "curl/7.64.1"
172.16.0.10 - - [04/Feb/2026:00:04:02 -0800] "GET /products HTTP/1.1" 401 39640 "https://google.com" "python-requests/2.25.1"
192.168.100.50 - user35 [07/Feb/2026:12:37:02 -0800] "DELETE /images/logo.png HTTP/1.1" 204 26172 "-" "curl/7.64.1"
10.0.0.5 - - [02/Feb/2026:19:31:02 -0800] "DELETE /about HTTP/1.1" 502 48104 "-" "curl/7.64.1"
203.0.113.42 - - [04/Feb/2026:13:34:02 -0800] "GET /index.html HTTP/1.1" 403 40789 "-" "Mozilla/5.0 (Windows NT 10.0; Win64; x64)"
192.168.100.50 - - [03/Feb/2026:07:47:02 -0800] "HEAD /products/1 HTTP/1.1" 502 30389 "https://google.com" "Mozilla/5.0 (X11; Linux x86_64)"
10.0.0.5 - - [04/Feb/2026:20:37:02 -0800] "PUT /products HTTP/1.1" 204 33103 "https://google.com" "python-requests/2.25.1"
192.168.1.1 - - [01/Feb/2026:15:30:02 -0800] "HEAD /admin HTTP/1.1" 401 22802 "https://google.com" "Mozilla/5.0 (X11; Linux x86_64)"
203.0.113.42 - - [02/Feb/2026:11:29:02 -0800] "HEAD /images/logo.png HTTP/1.1" 301 26018 "-" "Mozilla/5.0 (X11; Linux x86_64)"
192.168.1.1 - - [02/Feb/2026:00:17:02 -0800] "HEAD /products HTTP/1.1" 404 28981 "-" "Mozilla/5.0 (X11; Linux x86_64)"
192.0.2.15 - user48 [04/Feb/2026:03:40:02 -0800] "HEAD /products/1 HTTP/1.1" 404 592 "https://google.com" "Mozilla/5.0 (X11; Linux x86_64)"
192.168.100.50 - - [04/Feb/2026:19:35:02 -0800] "GET /script.js HTTP/1.1" 401 42755 "https://google.com" "Mozilla/5.0 (X11; Linux x86_64)"
192.0.2.15 - user85 [07/Feb/2026:01:36:02 -0800] "DELETE /products HTTP/1.1" 500 15431 "-" "Mozilla/5.0 (Macintosh; Intel Mac OS X 10_15_7)"
10.20.30.40 - - [06/Feb/2026:01:19:02 -0800] "POST /checkout HTTP/1.1" 204 41909 "https://google.com" "curl/7.64.1"
10.0.0.5 - user95 [07/Feb/2026:16:24:02 -0800] "GET /api/posts HTTP/1.1" 302 12245 "-" "Mozilla/5.0 (X11; Linux x86_64)"
10.0.0.5 - user5 [03/Feb/2026:13:08:02 -0800] "PUT /api/users HTTP/1.1" 301 39236 "https://google.com" "Mozilla/5.0 (X11; Linux x86_64)"
192.168.1.1 - - [03/Feb/2026:05:22:02 -0800] "PUT /login HTTP/1.1" 301 13949 "https://google.com" "Mozilla/5.0 (Macintosh; Intel Mac OS X 10_15_7)"
192.168.1.1 - - [03/Feb/2026:11:22:02 -0800] "GET /login HTTP/1.1" 403 44681 "-" "Mozilla/5.0 (Macintosh; Intel Mac OS X 10_15_7)"
192.168.100.50 - - [07/Feb/2026:12:56:02 -0800] "PUT /checkout HTTP/1.1" 502 24577 "https://google.com" "Mozilla/5.0 (Macintosh; Intel Mac OS X 10_15_7)"
192.168.100.50 - - [02/Feb/2026:18:37:02 -0800] "GET /products HTTP/1.1" 500 18708 "-" "Mozilla/5.0 (X11; Linux x86_64)"
203.0.113.42 - user2 [03/Feb/2026:16:57:02 -0800] "HEAD /images/logo.png HTTP/1.1" 503 25987 "-" "python-requests/2.25.1"
10.20.30.40 - - [05/Feb/2026:08:48:02 -0800] "POST /products/1 HTTP/1.1" 200 13831 "https://google.com" "Mozilla/5.0 (X11; Linux x86_64)"
192.168.100.50 - user89 [01/Feb/2026:23:26:02 -0800] "HEAD /login HTTP/1.1" 503 12148 "-" "Mozilla/5.0 (Windows NT 10.0; Win64; x64)"
10.0.0.5 - - [01/Feb/2026:22:51:02 -0800] "HEAD /about HTTP/1.1" 502 4230 "-" "Mozilla/5.0 (Macintosh; Intel Mac OS X 10_15_7)"
203.0.113.42 - user52 [02/Feb/2026:23:52:02 -0800] "GET /products HTTP/1.1" 503 2875 "https://google.com" "Mozilla/5.0 (X11; Linux x86_64)"
10.0.0.5 - - [08/Feb/2026:10:26:02 -0800] "GET /api/posts HTTP/1.1" 503 10683 "-" "python-requests/2.25.1"
172.16.0.10 - - [08/Feb/2026:06:22:02 -0800] "PUT / HTTP/1.1" 200 26666 "-" "python-requests/2.25.1"
203.0.113.42 - - [03/Feb/2026:05:52:02 -0800] "DELETE /api/users HTTP/1.1" 500 12694 "-" "Mozilla/5.0 (Windows NT 10.0; Win64; x64)"
192.168.100.50 - user92 [06/Feb/2026:20:08:02 -0800] "PUT /about HTTP/1.1" 502 8024 "https://google.com" "curl/7.64.1"
198.51.100.8 - user64 [08/Feb/2026:02:37:02 -0800] "DELETE /api/users HTTP/1.1" 502 21279 "https://google.com" "Mozilla/5.0 (Windows NT 10.0; Win64; x64)"
192.168.1.1 - - [03/Feb/2026:02:31:02 -0800] "POST /script.js HTTP/1.1" 404 11761 "-" "Mozilla/5.0 (Windows NT 10.0; Win64; x64)"
203.0.113.42 - - [04/Feb/2026:05:51:02 -0800] "GET /contact HTTP/1.1" 301 27706 "https://google.com" "python-requests/2.25.1"
192.168.100.50 - user25 [06/Feb/2026:19:59:02 -0800] "GET /login HTTP/1.1" 201 40575 "https://google.com" "python-requests/2.25.1"
192.168.1.1 - - [01/Feb/2026:14:14:02 -0800] "POST /style.css HTTP/1.1" 500 14455 "-" "python-requests/2.25.1"
192.168.100.50 - - [06/Feb/2026:17:46:02 -0800] "HEAD /admin HTTP/1.1" 403 39844 "-" "Mozilla/5.0 (Windows NT 10.0; Win64; x64)"
192.168.100.50 - - [03/Feb/2026:07:07:02 -0800] "DELETE /checkout HTTP/1.1" 503 28917 "-" "Mozilla/5.0 (Macintosh; Intel Mac OS X 10_15_7)"
192.168.1.1 - - [05/Feb/2026:11:09:02 -0800] "POST /index.html HTTP/1.1" 200 6884 "-" "Mozilla/5.0 (Macintosh; Intel Mac OS X 10_15_7)"
10.20.30.40 - user63 [06/Feb/2026:10:10:02 -0800] "HEAD /products HTTP/1.1" 302 12931 "-" "Mozilla/5.0 (Windows NT 10.0; Win64; x64)"
192.168.100.50 - - [08/Feb/2026:04:48:02 -0800] "POST /checkout HTTP/1.1" 404 7162 "https://google.com" "python-requests/2.25.1"
203.0.113.42 - - [02/Feb/2026:22:52:02 -0800] "PUT /api/posts HTTP/1.1" 200 23955 "https://google.com" "python-requests/2.25.1"
192.0.2.15 - - [04/Feb/2026:00:15:02 -0800] "DELETE /contact HTTP/1.1" 301 25706 "-" "Mozilla/5.0 (X11; Linux x86_64)"
10.0.0.5 - - [03/Feb/2026:10:31:02 -0800] "HEAD /index.html HTTP/1.1" 201 4685 "https://google.com" "Mozilla/5.0 (X11; Linux x86_64)"
192.168.100.50 - - [06/Feb/2026:10:23:02 -0800] "POST /login HTTP/1.1" 503 1532 "-" "curl/7.64.1"
10.0.0.5 - - [03/Feb/2026:09:28:02 -0800] "DELETE /script.js HTTP/1.1" 401 19347 "https://google.com" "Mozilla/5.0 (Windows NT 10.0; Win64; x64)"
172.16.0.10 - - [08/Feb/2026:01:59:02 -0800] "HEAD /script.js HTTP/1.1" 302 8953 "-" "curl/7.64.1"
10.20.30.40 - - [07/Feb/2026:00:19:02 -0800] "PUT /about HTTP/1.1" 404 48950 "https://google.com" "Mozilla/5.0 (Windows NT 10.0; Win64; x64)"
198.51.100.8 - - [04/Feb/2026:16:10:02 -0800] "GET /about HTTP/1.1" 401 14055 "-" "Mozilla/5.0 (X11; Linux x86_64)"
192.0.2.15 - user86 [06/Feb/2026:06:57:02 -0800] "PUT /index.html HTTP/1.1" 301 18731 "-" "Mozilla/5.0 (Windows NT 10.0; Win64; x64)"
192.168.100.50 - user67 [05/Feb/2026:19:57:02 -0800] "HEAD /style.css HTTP/1.1" 403 37529 "https://google.com" "Mozilla/5.0 (Windows NT 10.0; Win64; x64)"
203.0.113.42 - - [04/Feb/2026:15:50:02 -0800] "POST /api/users HTTP/1.1" 400 1131 "https://google.com" "python-requests/2.25.1"
198.51.100.8 - - [01/Feb/2026:23:21:02 -0800] "HEAD /admin HTTP/1.1" 400 5665 "-" "Mozilla/5.0 (Windows NT 10.0; Win64; x64)"
198.51.100.8 - - [04/Feb/2026:08:14:02 -0800] "GET /products/1 HTTP/1.1" 301 29167 "-" "Mozilla/5.0 (Macintosh; Intel Mac OS X 10_15_7)"
10.0.0.5 - - [06/Feb/2026:11:34:02 -0800] "POST / HTTP/1.1" 403 20456 "https://google.com" "Mozilla/5.0 (Windows NT 10.0; Win64; x64)"
203.0.113.42 - user14 [05/Feb/2026:15:58:02 -0800] "POST /login HTTP/1.1" 500 44233 "https://google.com" "Mozilla/5.0 (Windows NT 10.0; Win64; x64)"
10.0.0.5 - user20 [08/Feb/2026:00:21:02 -0800] "GET /style.css HTTP/1.1" 204 16376 "https://google.com" "python-requests/2.25.1"
