192.168.1.1 - - [02/Feb/2026:17:16:02 -0800] "DELETE /script.js HTTP/1.1" 400 4233 "https://google.com" "Mozilla/5.0 (Windows NT 10.0; Win64; x64)"
203.0.113.42 - - [01/Feb/2026:20:46:02 -0800] "POST /admin HTTP/1.1" 302 35120 "-" "Mozilla/5.0 (Windows NT 10.0; Win64; x64)"
203.0.113.42 - - [07/Feb/2026:05:07:02 -0800] "DELETE / HTTP/1.1" 201 7109 "https://google.com" "Mozilla/5.0 (Macintosh; Intel Mac OS X 10_15_7)"
192.168.1.1 - - [06/Feb/2026:14:56:02 -0800] "GET /about HTTP/1.1" 404 17451 "-" "Mozilla/5.0 (Windows NT 10.0; Win64; x64)"
10.20.30.40 - - [03/Feb/2026:08:22:02 -0800] "POST /api/users HTTP/1.1" 403 5028 "-" "Mozilla/5.0 (X11; Linux x86_64)"
192.0.2.15 - user55 [04/Feb/2026:22:25:02 -0800] "GET / HTTP/1.1" 401 36456 "-" "Mozilla/5.0 (Windows NT 10.0; Win64; x64)"
192.168.100.50 - user29 [07/Feb/2026:09:59:02 -0800] "HEAD /style.css HTTP/1.1" 403 44020 "https://google.com" "Mozilla/5.0 (X11; Linux x86_64)"
192.0.2.15 - - [06/Feb/2026:05:57:02 -0800] "GET /products/1 HTTP/1.1" 201 24206 "https://google.com" "Mozilla/5.0 (Macintosh; Intel Mac OS X 10_15_7)"
192.168.100.50 - - [03/Feb/2026:06:07:02 -0800] "PUT /products/1 HTTP/1.1" 503 12132 "https://google.com" "Mozilla/5.0 (X11; Linux x86_64)"
192.168.100.50 - user93 [05/Feb/2026:08:31:02 -0800] "GET /api/posts HTTP/1.1" 403 40386 "https://google.com" "Mozilla/5.0 (Windows NT 10.0; Win64; x64)"
198.51.100.8 - - [06/Feb/2026:08:06:02 -0800] "HEAD /login HTTP/1.1" 200 26598 "-" "Mozilla/5.0 (Macintosh; Intel Mac OS X 10_15_7)"
198.51.100.8 - - [02/Feb/2026:11:42:02 -0800] "POST /products HTTP/1.1" 404 48977 "https://google.com" "Mozilla/5.0 (Macintosh; Intel Mac OS X 10_15_7)"
192.168.100.50 - - [05/Feb/2026:19:08:02 -0800] "PUT /contact HTTP/1.1" 301 4096 "-" "Mozilla/5.0 (X11; Linux x86_64)"
192.168.100.50 - user55 [07/Feb/2026:09:55:02 -0800] "POST /products HTTP/1.1" 204 47522 "-" "curl/7.64.1"
198.51.100.8 - - [04/Feb/2026:00:47:02 -0800] "HEAD /products HTTP/1.1" 403 46828 "-" "Mozilla/5.0 (X11; Linux x86_64)"
192.0.2.15 - user54 [02/Feb/2026:02:31:02 -0800] "POST /images/logo.png HTTP/1.1" 503 40178 "-" "python-requests/2.25.1"
203.0.113.42 - user3 [01/Feb/2026:18:48:02 -0800] "PUT /admin HTTP/1.1" 302 45074 "-" "Mozilla/5.0 (Macintosh; Intel Mac OS X 10_15_7)"
192.0.2.15 - - [04/Feb/2026:23:15:02 -0800] "POST /style.css HTTP/1.1" 302 34818 "-" "Mozilla/5.0 (Windows NT 10.0; Win64; x64)"
10.20.30.40 - user59 [02/Feb/2026:11:22:02 -0800] "POST /about HTTP/1.1" 301 15308 "-" "python-requests/2.25.1"
203.0.113.42 - - [05/Feb/2026:20:29:02 -0800] "POST /index.html HTTP/1.1" 301 13502 "-" "Mozilla/5.0 (X11; Linux x86_64)"
192.0.2.15 - - [04/Feb/2026:13:20:02 -0800] "DELETE /contact HTTP/1.1" 201 47700 "https://google.com" "Mozilla/5.0 (X11; Linux x86_64)"
192.0.2.15 - - [05/Feb/2026:03:16:02 -0800] "DELETE /about HTTP/1.1" 204 36793 "-" "curl/7.64.1"
10.0.0.5 - user21 [05/Feb/2026:18:03:02 -0800] "POST /api/posts HTTP/1.1" 301 2654 "-" "curl/7.64.1"
192.168.100.50 - - [01/Feb/2026:23:09:02 -0800] "PUT /script.js HTTP/1.1" 302 6045 "-" "Mozilla/5.0 (Windows NT 10.0; Win64; x64)"
192.168.1.1 - - [05/Feb/2026:10:20:02 -0800] "POST /admin HTTP/1.1" 502 8381 "-" "Mozilla/5.0 (Windows NT 10.0; Win64; x64)"
10.20.30.40 - - [04/Feb/2026:20:19:02 -0800] "POST /products HTTP/1.1" 200 17236 "https://google.com" "Mozilla/5.0 (X11; Linux x86_64)"
192.168.100.50 - user9 [04/Feb/2026:04:59:02 -0800] "HEAD /api/posts HTTP/1.1" 400 6590 "-" "Mozilla/5.0 (Windows NT 10.0; Win64; x64)"
192.168.100.50 - user32 [03/Feb/2026:16:01:02 -0800] "POST /about HTTP/1.1" 200 33660 "https://google.com" "curl/7.64.1"
192.168.100.50 - user48 [03/Feb/2026:06:04:02 -0800] "POST /index.html HTTP/1.1" 301 44078 "-" "curl/7.64.1"
192.168.100.50 - - [04/Feb/2026:01:46:02 -0800] "DELETE /style.css HTTP/1.1" 301 41828 "-" "python-requests/2.25.1"
172.16.0.10 - user66 [06/Feb/2026:22:30:02 -0800] "GET /login HTTP/1.1" 200 1338 "-" "curl/7.64.1"
198.51.100.8 - - [07/Feb/2026:10:02:02 -0800] "HEAD /style.css HTTP/1.1" 503 17306 "-" "Mozilla/5.0 (Macintosh; Intel Mac OS X 10_15_7)"
203.0.113.42 - - [06/Feb/2026:09:50:02 -0800] "HEAD /admin HTTP/1.1" 404 3639 "https://google.com" "Mozilla/5.0 (Windows NT 10.0; Win64; x64)"
10.0.0.5 - - [01/Feb/2026:23:01:02 -0800] "DELETE /index.html HTTP/1.1" 401 11519 "https://google.com" "Mozilla/5.0 (Macintosh; Intel Mac OS X 10_15_7)"
203.0.113.42 - - [06/Feb/2026:17:23:02 -0800] "DELETE /style.css HTTP/1.1" 403 18478 "-" "Mozilla/5.0 (Windows NT 10.0; Win64; x64)"
192.0.2.15 - user8 [04/Feb/2026:15:43:02 -0800] "GET /products/1 HTTP/1.1" 500 26127 "https://google.com" "curl/7.64.1"
10.20.30.40 - - [03/Feb/2026:01:13:02 -0800] "PUT /admin HTTP/1.1" 400 44107 "-" "python-requests/2.25.1"
192.168.100.50 - - [03/Feb/2026:11:37:02 -0800] "GET /products/1 HTTP/1.1" 204 45933 "https://google.com" "curl/7.64.1"
10.0.0.5 - user31 [03/Feb/2026:02:20:02 -0800] "GET /index.html HTTP/1.1" 400 22735 "https://google.com" "Mozilla/5.0 (Macintosh; Intel Mac OS X 10_15_7)"
10.0.0.5 - - [03/Feb/2026:07:27:02 -0800] "DELETE /images/logo.png HTTP/1.1" 503 44515 "https://google.com" "python-requests/2.25.1"
192.0.2.15 - - [02/Feb/2026:09:08:02 -0800] "DELETE /contact HTTP/1.1" 404 41253 "-" "curl/7.64.1"
172.16.0.10 - - [01/Feb/2026:23:43:02 -0800] "HEAD /api/users HTTP/1.1" 400 2722 "https://google.com" "curl/7.64.1"
10.20.30.40 - - [01/Feb/2026:15:55:02 -0800] "GET /index.html HTTP/1.1" 404 30763 "-" "Mozilla/5.0 (Macintosh; Intel Mac OS X 10_15_7)"
203.0.113.42 - user95 [01/Feb/2026:19:21:02 -0800] "POST /images/logo.png HTTP/1.1" 201 32057 "https://google.com" "Mozilla/5.0 (Macintosh; Intel Mac OS X 10_15_7)"
192.0.2.15 - - [06/Feb/2026:03:04:02 -0800] "HEAD /products HTTP/1.1" 502 40064 "-" "curl/7.64.1"
192.0.2.15 - user80 [03/Feb/2026:14:44:02 -0800] "POST /products HTTP/1.1" 503 12025 "https://google.com" "python-requests/2.25.1"
192.168.1.1 - user60 [05/Feb/2026:13:43:02 -0800] "GET /products HTTP/1.1" 403 19982 "-" "Mozilla/5.0 (Windows NT 10.0; Win64; x64)"
192.168.1.1 - - [06/Feb/2026:08:59:02 -0800] "PUT /api/posts HTTP/1.1" 302 39279 "https://google.com" "Mozilla/5.0 (Macintosh; Intel Mac OS X 10_15_7)"
192.0.2.15 - user48 [08/Feb/2026:03:20:02 -0800] "DELETE / HTTP/1.1" 502 24105 "-" "Mozilla/5.0 (X11; Linux x86_64)"
192.168.100.50 - - [03/Feb/2026:01:59:02 -0800] "PUT /index.html HTTP/1.1" 404 36456 "https://google.com" "python-requests/2.25.1"
192.168.100.50 - - [01/Feb/2026:19:42:02 -0800] "POST /admin HTTP/1.1" 200 3705 "-" "python-requests/2.25.1"
192.168.100.50 - - [04/Feb/2026:08:25:02 -0800] "HEAD /index.html HTTP/1.1" 400 791 "https://google.com" "curl/7.64.1"
192.168.100.50 - - [07/Feb/2026:16:31:02 -0800] "DELETE /about HTTP/1.1" 401 13398 "-" "Mozilla/5.0 (X11; Linux x86_64)"
192.168.100.50 - - [03/Feb/2026:12:28:02 -0800] "DELETE /checkout HTTP/1.1" 403 23939 "https://google.com" "curl/7.64.1"
192.168.100.50 - user34 [03/Feb/2026:19:58:02 -0800] "HEAD /products HTTP/1.1" 204 29283 "https://google.com" "python-requests/2.25.1"
10.20.30.40 - - [07/Feb/2026:12:35:02 -0800] "GET /contact HTTP/1.1" 301 5747 "-" "curl/7.64.1"
192.0.2.15 - user46 [03/Feb/2026:19:55:02 -0800] "HEAD /login HTTP/1.1" 200 49877 "-" "python-requests/2.25.1"
172.16.0.10 - user41 [04/Feb/2026:15:45:02 -0800] "PUT /products HTTP/1.1" 500 45601 "https://google.com" "Mozilla/5.0 (X11; Linux x86_64)"
198.51.100.8 - - [08/Feb/2026:06:29:02 -0800] "POST /products/1 HTTP/1.1" 401 38123 "https://google.com" "Mozilla/5.0 (X11; Linux x86_64)"
10.20.30.40 - - [04/Feb/2026:09:16:02 -0800] "HEAD /about HTTP/1.1" 200 25019 "https://google.com" "python-requests/2.25.1"
10.20.30.40 - - [05/Feb/2026:01:36:02 -0800] "GET /api/users HTTP/1.1" 502 37875 "https://google.com" "Mozilla/5.0 (Macintosh; Intel Mac OS X 10_15_7)"
192.0.2.15 - - [06/Feb/2026:00:27:02 -0800] "HEAD /api/posts HTTP/1.1" 200 35561 "https://google.com" "Mozilla/5.0 (Macintosh; Intel Mac OS X 10_15_7)"
172.16.0.10 - - [07/Feb/2026:10:06:02 -0800] "POST /contact HTTP/1.1" 500 36638 "-" "Mozilla/5.0 (Macintosh; Intel Mac OS X 10_15_7)"
10.0.0.5 - - [05/Feb/2026:14:26:02 -0800] "DELETE /products HTTP/1.1" 200 16949 "https://google.com" "Mozilla/5.0 (Windows NT 10.0; Win64; x64)"
198.51.100.8 - - [07/Feb/2026:18:33:02 -0800] "GET /products HTTP/1.1" 201 16614 "-" "Mozilla/5.0 (Windows NT 10.0; Win64; x64)"
192.168.100.50 - - [08/Feb/2026:11:27:02 -0800] "PUT /script.js HTTP/1.1" 500 42917 "-" "Mozilla/5.0 (X11; Linux x86_64)"
10.0.0.5 - - [02/Feb/2026:11:47:02 -0800] "POST /admin HTTP/1.1" 201 24328 "https://google.com" "Mozilla/5.0 (X11; Linux x86_64)"
172.16.0.10 - - [05/Feb/2026:17:43:02 -0800] "POST /login HTTP/1.1" 503 40577 "-" "Mozilla/5.0 (Windows NT 10.0; Win64; x64)"
198.51.100.8 - - [05/Feb/2026:21:28:02 -0800] "DELETE /products/1 HTTP/1.1" 302 8023 "https://google.com" "python-requests/2.25.1"
172.16.0.10 - user47 [03/Feb/2026:17:31:02 -0800] "PUT /index.html HTTP/1.1" 502 40704 "https://google.com" "Mozilla/5.0 (Windows NT 10.0; Win64; x64)"
192.168.100.50 - user0 [04/Feb/2026:20:02:02 -0800] "PUT /products/1 HTTP/1.1" 400 45099 "-" "Mozilla/5.0 (Windows NT 10.0; Win64; x64)"
192.0.2.15 - user41 [03/Feb/2026:19:16:02 -0800] "GET /admin HTTP/1.1" 301 41118 "https://google.com" "curl/7.64.1"
10.20.30.40 - - [08/Feb/2026:12:06:02 -0800] "PUT /products HTTP/1.1" 500 29453 "-" "Mozilla/5.0 (Windows NT 10.0; Win64; x64)"
198.51.100.8 - - [07/Feb/2026:16:52:02 -0800] "GET /images/logo.png HTTP/1.1" 204 44012 "-" "curl/7.64.1"
192.168.1.1 - - [06/Feb/2026:03:19:02 -0800] "GET /products HTTP/1.1" 500 22245 "-" "curl/7.64.1"
192.168.1.1 - - [06/Feb/2026:01:24:02 -0800] "PUT /admin HTTP/1.1" 400 10210 "https://google.com" "Mozilla/5.0 (Macintosh; Intel Mac OS X 10_15_7)"
203.0.113.42 - user6 [07/Feb/2026:00:05:02 -0800] "POST /images/logo.png HTTP/1.1" 301 45323 "-" "Mozilla/5.0 (Windows NT 10.0; Win64; x64)"
10.0.0.5 - - [02/Feb/2026:03:19:02 -0800] "POST /images/logo.png HTTP/1.1" 502 16571 "-" "python-requests/2.25.1"
203.0.113.42 - user3 [03/Feb/2026:18:29:02 -0800] "PUT /products HTTP/1.1" 500 33292 "-" "python-requests/2.25.1"
172.16.0.10 - user1 [04/Feb/2026:10:09:02 -0800] "GET /about HTTP/1.1" 200 22591 "https://google.com" "curl/7.64.1"
10.0.0.5 - user93 [07/Feb/2026:11:43:02 -0800] "GET /images/logo.png HTTP/1.1" 400 30571 "https://google.com" "Mozilla/5.0 (Windows NT 10.0; Win64; x64)"
172.16.0.10 - - [01/Feb/2026:14:19:02 -0800] "POST /api/users HTTP/1.1" 302 43480 "https://google.com" "python-requests/2.25.1"
192.0.2.15 - - [08/Feb/2026:04:59:02 -0800] "GET /about HTTP/1.1" 400 6809 "-" "Mozilla/5.0 (X11; Linux x86_64)"
203.0.113.42 - user4 [04/Feb/2026:09:52:02 -0800] "PUT /images/logo.png HTTP/1.1" 301 45770 "-" "python-requests/2.25.1"
192.168.100.50 - user50 [02/Feb/2026:00:45:02 -0800] "POST /api/posts HTTP/1.1" 502 896 "https://google.com" "python-requests/2.25.1"
172.16.0.10 - - [04/Feb/2026:20:49:02 -0800] "PUT /images/logo.png HTTP/1.1" 204 1419 "-" "Mozilla/5.0 (X11; Linux x86_64)"
192.168.100.50 - - [05/Feb/2026:11:58:02 -0800] "PUT /admin HTTP/1.1" 404 45415 "-" "python-requests/2.25.1"
172.16.0.10 - - [01/Feb/2026:20:57:02 -0800] "POST /checkout HTTP/1.1" 403 33504 "-" "Mozilla/5.0 (Windows NT 10.0; Win64; x64)"
203.0.113.42 - user80 [04/Feb/2026:17:57:02 -0800] "DELETE /style.css HTTP/1.1" 400 8519 "https://google.com" "Mozilla/5.0 (X11; Linux x86_64)"
10.20.30.40 - - [01/Feb/2026:17:58:02 -0800] "POST /api/users HTTP/1.1" 200 39856 "https://google.com" "Mozilla/5.0 (Macintosh; Intel Mac OS X 10_15_7)"
198.51.100.8 - - [02/Feb/2026:10:00:02 -0800] "HEAD /admin HTTP/1.1" 503 677 "https://google.com" "curl/7.64.1"
192.168.100.50 - user6 [03/Feb/2026:07:06:02 -0800] "HEAD /api/users HTTP/1.1" 204 6416 "https://google.com" "curl/7.64.1"
10.20.30.40 - - [05/Feb/2026:01:43:02 -0800] "PUT /about HTTP/1.1" 400 20305 "-" "curl/7.64.1"
192.0.2.15 - - [04/Feb/2026:06:16:02 -0800] "POST /style.css HTTP/1.1" 403 43981 "-" "curl/7.64.1"
198.51.100.8 - user28 [02/Feb/2026:14:18:02 -0800] "POST /admin HTTP/1.1" 403 25560 "-" "python-requests/2.25.1"
10.20.30.40 - - [02/Feb/2026:06:49:02 -0800] "HEAD /about HTTP/1.1" 204 47795 "-" "curl/7.64.1"
172.16.0.10 - - [02/Feb/2026:23:15:02 -0800] "POST / HTTP/1.1" 404 15191 "-" "curl/7.64.1"
192.0.2.15 - - [03/Feb/2026:15:46:02 -0800] "POST /contact HTTP/1.1" 404 20497 "https://google.com" "Mozilla/5.0 (Windows NT 10.0; Win64; x64)"
192.168.100.50 - - [07/Feb/2026:16:07:02 -0800] "POST /admin HTTP/1.1" 401 31297 "-" "python-requests/2.25.1"
198.51.100.8 - - [07/Feb/2026:04:52:02 -0800] "DELETE /products/1 HTTP/1.1" 401 3641 "-" "python-requests/2.25.1"
192.168.100.50 - user76 [05/Feb/2026:18:02:02 -0800] "DELETE /api/users HTTP/1.1" 302 39350 "-" "python-requests/2.25.1"
192.0.2.15 - - [04/Feb/2026:04:04:02 -0800] "PUT /index.html HTTP/1.1" 302 5797 "-" "python-requests/2.25.1"
203.0.113.42 - - [04/Feb/2026:10:37:02 -0800] "POST /checkout HTTP/1.1" 302 32205 "-" "curl/7.64.1"
172.16.0.10 - - [02/Feb/2026:22:41:02 -0800] "DELETE /images/logo.png HTTP/1.1" 401 31889 "-" "Mozilla/5.0 (Windows NT 10.0; Win64; x64)"
198.51.100.8 - - [01/Feb/2026:18:20:02 -0800] "PUT /api/users HTTP/1.1" 302 40992 "-" "python-requests/2.25.1"
203.0.113.42 - - [01/Feb/2026:20:33:02 -0800] "POST / HTTP/1.1" 500 22145 "https://google.com" "curl/7.64.1"
192.168.100.50 - - [07/Feb/2026:20:34:02 -0800] "DELETE /checkout HTTP/1.1" 401 20538 "-" "python-requests/2.25.1"
192.168.100.50 - - [06/Feb/2026:10:26:02 -0800] "GET /script.js HTTP/1.1" 403 13952 "-" "Mozilla/5.0 (X11; Linux x86_64)"
10.20.30.40 - - [06/Feb/2026:02:49:02 -0800] "HEAD /contact HTTP/1.1" 502 21134 "https://google.com" "Mozilla/5.0 (Windows NT 10.0; Win64; x64)"
192.168.1.1 - - [07/Feb/2026:22:09:02 -0800] "HEAD /api/users HTTP/1.1" 403 13432 "https://google.com" "Mozilla/5.0 (X11; Linux x86_64)"
198.51.100.8 - user62 [02/Feb/2026:16:53:02 -0800] "HEAD /admin HTTP/1.1" 503 33127 "-" "python-requests/2.25.1"
172.16.0.10 - - [08/Feb/2026:07:57:02 -0800] "GET /admin HTTP/1.1" 502 10701 "-" "Mozilla/5.0 (Windows NT 10.0; Win64; x64)"
192.168.100.50 - - [01/Feb/2026:14:38:02 -0800] "POST /api/users HTTP/1.1" 500 550 "-" "Mozilla/5.0 (Macintosh; Intel Mac OS X 10_15_7)"
10.0.0.5 - user73 [07/Feb/2026:21:46:02 -0800] "POST /checkout HTTP/1.1" 200 6094 "-" "curl/7.64.1"
198.51.100.8 - - [07/Feb/2026:00:11:02 -0800] "POST /api/users HTTP/1.1" 401 40784 "https://google.com" "python-requests/2.25.1"
10.0.0.5 - - [05/Feb/2026:01:55:02 -0800] "HEAD /products HTTP/1.1" 301 27439 "https://google.com" "curl/7.64.1"
198.51.100.8 - user21 [02/Feb/2026:06:54:02 -0800] "POST /checkout HTTP/1.1" 302 25287 "https://google.com" "Mozilla/5.0 (Macintosh; Intel Mac OS X 10_15_7)"
192.0.2.15 - - [03/Feb/2026:13:55:02 -0800] "POST /admin HTTP/1.1" 301 16085 "-" "python-requests/2.25.1"
198.51.100.8 - - [03/Feb/2026:14:50:02 -0800] "GET /products/1 HTTP/1.1" 301 21733 "https://google.com" "Mozilla/5.0 (X11; Linux x86_64)"
192.0.2.15 - - [07/Feb/2026:19:28:02 -0800] "DELETE /api/users HTTP/1.1" 200 13644 "-" "Mozilla/5.0 (Windows NT 10.0; Win64; x64)"
198.51.100.8 - - [05/Feb/2026:23:42:02 -0800] "DELETE /index.html HTTP/1.1" 204 13378 "https://google.com" "curl/7.64.1"
192.0.2.15 - - [05/Feb/2026:00:24:02 -0800] "HEAD /script.js HTTP/1.1" 404 49681 "-" "python-requests/2.25.1"
10.20.30.40 - - [04/Feb/2026:10:04:02 -0800] "POST /admin HTTP/1.1" 502 24658 "-" "Mozilla/5.0 (X11; Linux x86_64)"
10.0.0.5 - - [03/Feb/2026:12:09:02 -0800] "DELETE /login HTTP/1.1" 502 42713 "https://google.com" "Mozilla/5.0 (X11; Linux x86_64)"
203.0.113.42 - - [05/Feb/2026:21:58:02 -0800] "DELETE /api/users HTTP/1.1" 400 347 "-" "Mozilla/5.0 (X11; Linux x86_64)"
192.168.100.50 - - [02/Feb/2026:17:34:02 -0800] "GET /login HTTP/1.1" 500 19894 "-" "curl/7.64.1"
192.168.1.1 - user64 [05/Feb/2026:13:00:02 -0800] "GET /about HTTP/1.1" 201 25215 "https://google.com" "python-requests/2.25.1"
192.168.100.50 - - [05/Feb/2026:02:47:02 -0800] "DELETE /admin HTTP/1.1" 201 16048 "https://google.com" "python-requests/2.25.1"
198.51.100.8 - - [07/Feb/2026:23:11:02 -0800] "DELETE /checkout HTTP/1.1" 503 30809 "https://google.com" "Mozilla/5.0 (X11; Linux x86_64)"
172.16.0.10 - - [03/Feb/2026:00:40:02 -0800] "DELETE /index.html HTTP/1.1" 400 19798 "-" "Mozilla/5.0 (Windows NT 10.0; Win64; x64)"
198.51.100.8 - - [02/Feb/2026:18:10:02 -0800] "GET /style.css HTTP/1.1" 302 26522 "https://google.com" "Mozilla/5.0 (X11; Linux x86_64)"
198.51.100.8 - - [07/Feb/2026:06:07:02 -0800] "POST /images/logo.png HTTP/1.1" 301 9124 "-" "Mozilla/5.0 (X11; Linux x86_64)"
192.168.100.50 - - [06/Feb/2026:17:55:02 -0800] "HEAD /api/users HTTP/1.1" 503 30798 "-" "curl/7.64.1"
10.0.0.5 - - [02/Feb/2026:19:29:02 -0800] "PUT /products HTTP/1.1" 404 44300 "-" "Mozilla/5.0 (Macintosh; Intel Mac OS X 10_15_7)"
198.51.100.8 - - [05/Feb/2026:22:05:02 -0800] "PUT /products HTTP/1.1" 302 19887 "https://google.com" "Mozilla/5.0 (Macintosh; Intel Mac OS X 10_15_7)"
192.0.2.15 - user17 [08/Feb/2026:09:11:02 -0800] "PUT /contact HTTP/1.1" 204 9445 "-" "curl/7.64.1"
192.0.2.15 - - [07/Feb/2026:14:17:02 -0800] "PUT /style.css HTTP/1.1" 404 33683 "https://google.com" "Mozilla/5.0 (Macintosh; Intel Mac OS X 10_15_7)"
203.0.113.42 - user93 [06/Feb/2026:03:10:02 -0800] "HEAD /login HTTP/1.1" 200 1272 "-" "Mozilla/5.0 (Windows NT 10.0; Win64; x64)"
10.0.0.5 - user19 [02/Feb/2026:02:53:02 -0800] "HEAD /style.css HTTP/1.1" 302 13821 "https://google.com" "Mozilla/5.0 (Windows NT 10.0; Win64; x64)"
10.20.30.40 - user59 [07/Feb/2026:14:35:02 -0800] "POST /contact HTTP/1.1" 401 6365 "https://google.com" "python-requests/2.25.1"
10.20.30.40 - - [06/Feb/2026:16:34:02 -0800] "PUT /login HTTP/1.1" 204 28208 "-" "Mozilla/5.0 (Macintosh; Intel Mac OS X 10_15_7)"
192.0.2.15 - - [06/Feb/2026:22:02:02 -0800] "PUT /index.html HTTP/1.1" 403 21558 "-" "python-requests/2.25.1"
198.51.100.8 - - [05/Feb/2026:13:26:02 -0800] "POST /login HTTP/1.1" 201 21124 "-" "Mozilla/5.0 (Windows NT 10.0; Win64; x64)"
172.16.0.10 - user35 [08/Feb/2026:10:27:02 -0800] "HEAD / HTTP/1.1" 204 29148 "-" "curl/7.64.1"
10.0.0.5 - - [08/Feb/2026:04:24:02 -0800] "POST /about HTTP/1.1" 401 37333 "-" "Mozilla/5.0 (Macintosh; Intel Mac OS X 10_15_7)"
203.0.113.42 - user16 [06/Feb/2026:07:06:02 -0800] "DELETE /products/1 HTTP/1.1" 404 1121 "https://google.com" "Mozilla/5.0 (Windows NT 10.0; Win64; x64)"
10.0.0.5 - - [03/Feb/2026:23:52:02 -0800] "PUT /style.css HTTP/1.1" 200 10723 "-" "python-requests/2.25.1"
192.168.1.1 - - [03/Feb/2026:07:55:02 -0800] "GET /api/users HTTP/1.1" 201 32186 "-" "curl/7.64.1"
10.20.30.40 - user12 [04/Feb/2026:20:23:02 -0800] "PUT /style.css HTTP/1.1" 404 27444 "-" "python-requests/2.25.1"
192.168.1.1 - user13 [01/Feb/2026:18:52:02 -0800] "PUT /style.css HTTP/1.1" 502 27788 "https://google.com" "curl/7.64.1"
192.168.1.1 - - [08/Feb/2026:07:29:02 -0800] "GET /admin HTTP/1.1" 502 34008 "https://google.com" "Mozilla/5.0 (Macintosh; Intel Mac OS X 10_15_7)"
192.0.2.15 - user64 [05/Feb/2026:18:09:02 -0800] "DELETE /products/1 HTTP/1.1" 502 3068 "-" "Mozilla/5.0 (X11; Linux x86_64)"
192.168.1.1 - - [06/Feb/2026:03:36:02 -0800] "GET /style.css HTTP/1.1" 400 11746 "-" "Mozilla/5.0 (Windows NT 10.0; Win64; x64)"
192.0.2.15 - - [07/Feb/2026:02:57:02 -0800] "DELETE /index.html HTTP/1.1" 302 19813 "https://google.com" "Mozilla/5.0 (Windows NT 10.0; Win64; x64)"
192.168.1.1 - user30 [06/Feb/2026:09:00:02 -0800] "DELETE /about HTTP/1.1" 403 34049 "-" "python-requests/2.25.1"
203.0.113.42 - - [03/Feb/2026:17:19:02 -0800] "GET /style.css HTTP/1.1" 302 5790 "-" "curl/7.64.1"
192.168.1.1 - - [06/Feb/2026:14:55:02 -0800] "DELETE / HTTP/1.1" 404 31001 "-" "Mozilla/5.0 (Windows NT 10.0; Win64; x64)"
192.168.100.50 - - [03/Feb/2026:16:11:02 -0800] "GET /index.html HTTP/1.1" 503 21902 "-" "python-requests/2.25.1"
192.168.100.50 - - [05/Feb/2026:16:54:02 -0800] "PUT /contact HTTP/1.1" 200 16960 "https://google.com" "Mozilla/5.0 (Windows NT 10.0; Win64; x64)"
192.0.2.15 - - [04/Feb/2026:11:53:02 -0800] "HEAD /script.js HTTP/1.1" 201 27790 "-" "curl/7.64.1"
192.168.1.1 - - [02/Feb/2026:00:29:02 -0800] "PUT /style.css HTTP/1.1" 201 31865 "https://google.com" "Mozilla/5.0 (Windows NT 10.0; Win64; x64)"
192.168.100.50 - - [02/Feb/2026:00:06:02 -0800] "HEAD /script.js HTTP/1.1" 502 1317 "-" "Mozilla/5.0 (Macintosh; Intel Mac OS X 10_15_7)"
203.0.113.42 - user18 [06/Feb/2026:16:23:02 -0800] "POST /script.js HTTP/1.1" 404 18931 "https://google.com" "Mozilla/5.0 (X11; Linux x86_64)"
198.51.100.8 - - [02/Feb/2026:13:54:02 -0800] "HEAD /style.css HTTP/1.1" 502 25779 "https://google.com" "Mozilla/5.0 (Macintosh; Intel Mac OS X 10_15_7)"
192.168.1.1 - - [06/Feb/2026:10:40:02 -0800] "DELETE /about HTTP/1.1" 204 49993 "https://google.com" "Mozilla/5.0 (X11; Linux x86_64)"
172.16.0.10 - - [04/Feb/2026:10:33:02 -0800] "GET /style.css HTTP/1.1" 404 38278 "-" "curl/7.64.1"
203.0.113.42 - - [06/Feb/2026:16:04:02 -0800] "HEAD /about HTTP/1.1" 201 16838 "-" "Mozilla/5.0 (Windows NT 10.0; Win64; x64)"
172.16.0.10 - - [03/Feb/2026:00:03:02 -0800] "DELETE /images/logo.png HTTP/1.1" 404 45276 "-" "Mozilla/5.0 (Macintosh; Intel Mac OS X 10_15_7)"
172.16.0.10 - - [06/Feb/2026:00:19:02 -0800] "POST / HTTP/1.1" 502 10277 "https://google.com" "python-requests/2.25.1"
203.0.113.42 - - [07/Feb/2026:10:03:02 -0800] "POST /login HTTP/1.1" 302 48072 "-" "python-requests/2.25.1"
192.168.1.1 - - [04/Feb/2026:09:28:02 -0800] "PUT /products HTTP/1.1" 500 45893 "-" "Mozilla/5.0 (Macintosh; Intel Mac OS X 10_15_7)"
192.168.100.50 - - [02/Feb/2026:04:01:02 -0800] "DELETE /images/logo.png HTTP/1.1" 201 16749 "https://google.com" "python-requests/2.25.1"
192.0.2.15 - user78 [06/Feb/2026:14:20:02 -0800] "HEAD / HTTP/1.1" 200 3498 "-" "Mozilla/5.0 (Macintosh; Intel Mac OS X 10_15_7)"
203.0.113.42 - - [05/Feb/2026:04:05:02 -0800] "DELETE / HTTP/1.1" 401 3660 "https://google.com" "python-requests/2.25.1"
192.168.1.1 - - [02/Feb/2026:10:17:02 -0800] "PUT /about HTTP/1.1" 403 33631 "-" "curl/7.64.1"
192.0.2.15 - - [05/Feb/2026:19:10:02 -0800] "POST /contact HTTP/1.1" 401 40332 "https://google.com" "python-requests/2.25.1"
192.0.2.15 - user65 [01/Feb/2026:23:29:02 -0800] "HEAD /index.html HTTP/1.1" 404 41882 "https://google.com" "Mozilla/5.0 (Windows NT 10.0; Win64; x64)"
192.168.100.50 - user62 [01/Feb/2026:19:31:02 -0800] "PUT /products/1 HTTP/1.1" 400 2403 "-" "Mozilla/5.0 (X11; Linux x86_64)"
192.168.1.1 - - [02/Feb/2026:00:07:02 -0800] "GET /login HTTP/1.1" 503 11689 "-" "Mozilla/5.0 (X11; Linux x86_64)"
10.20.30.40 - - [05/Feb/2026:16:14:02 -0800] "HEAD /api/users HTTP/1.1" 301 44100 "-" "Mozilla/5.0 (X11; Linux x86_64)"
172.16.0.10 - - [07/Feb/2026:12:09:02 -0800] "POST /images/logo.png HTTP/1.1" 403 44651 "-" "Mozilla/5.0 (X11; Linux x86_64)"
203.0.113.42 - user54 [02/Feb/2026:21:01:02 -0800] "PUT /login HTTP/1.1" 301 24161 "https://google.com" "Mozilla/5.0 (Windows NT 10.0; Win64; x64)"
172.16.0.10 - user49 [07/Feb/2026:14:14:02 -0800] "GET / HTTP/1.1" 204 13901 "-" "Mozilla/5.0 (Windows NT 10.0; Win64; x64)"
172.16.0.10 - - [04/Feb/2026:06:58:02 -0800] "HEAD /contact HTTP/1.1" 500 48245 "https://google.com" "curl/7.64.1"
198.51.100.8 - - [03/Feb/2026:22:03:02 -0800] "PUT /login HTTP/1.1" 401 5724 "-" "Mozilla/5.0 (Macintosh; Intel Mac OS X 10_15_7)"
192.168.1.1 - user9 [07/Feb/2026:05:53:02 -0800] "PUT /about HTTP/1.1" 204 42586 "https://google.com" "python-requests/2.25.1"
10.20.30.40 - - [05/Feb/2026:15:30:02 -0800] "DELETE /script.js HTTP/1.1" 404 33041 "https://google.com" "Mozilla/5.0 (Macintosh; Intel Mac OS X 10_15_7)"
172.16.0.10 - - [02/Feb/2026:22:35:02 -0800] "POST /contact HTTP/1.1" 400 3872 "https://google.com" "Mozilla/5.0 (Macintosh; Intel Mac OS X 10_15_7)"
198.51.100.8 - - [02/Feb/2026:10:49:02 -0800] "DELETE / HTTP/1.1" 500 16088 "-" "python-requests/2.25.1"
10.0.0.5 - - [05/Feb/2026:07:20:02 -0800] "POST /api/users HTTP/1.1" 502 1100 "https://google.com" "python-requests/2.25.1"
10.20.30.40 - - [03/Feb/2026:05:32:02 -0800] "POST /images/logo.png HTTP/1.1" 403 10261 "-" "Mozilla/5.0 (Windows NT 10.0; Win64; x64)"
10.0.0.5 - - [06/Feb/2026:05:21:02 -0800] "DELETE /products/1 HTTP/1.1" 200 38396 "-" "python-requests/2.25.1"
192.168.100.50 - - [03/Feb/2026:22:42:02 -0800] "HEAD /index.html HTTP/1.1" 204 37706 "https://google.com" "python-requests/2.25.1"
172.16.0.10 - - [05/Feb/2026:13:18:02 -0800] "PUT /contact HTTP/1.1" 404 29674 "-" "Mozilla/5.0 (Macintosh; Intel Mac OS X 10_15_7)"
192.0.2.15 - - [03/Feb/2026:22:15:02 -0800] "POST /checkout HTTP/1.1" 400 24791 "https://google.com" "Mozilla/5.0 (Windows NT 10.0; Win64; x64)"
192.168.100.50 - user50 [05/Feb/2026:05:51:02 -0800] "PUT / HTTP/1.1" 403 26318 "-" "curl/7.64.1"
203.0.113.42 - - [05/Feb/2026:10:25:02 -0800] "HEAD /products/1 HTTP/1.1" 204 38045 "https://google.com" "curl/7.64.1"
10.0.0.5 - - [05/Feb/2026:20:45:02 -0800] "HEAD /api/posts HTTP/1.1" 502 38002 "-" "Mozilla/5.0 (X11; Linux x86_64)"
10.0.0.5 - - [03/Feb/2026:13:56:02 -0800] "PUT /products/1 HTTP/1.1" 201 8539 "-" "Mozilla/5.0 (X11; Linux x86_64)"
192.168.100.50 - - [04/Feb/2026:15:02:02 -0800] "DELETE /checkout HTTP/1.1" 502 4255 "https://google.com" "python-requests/2.25.1"
10.0.0.5 - - [06/Feb/2026:07:28:02 -0800] "POST /images/logo.png HTTP/1.1" 201 21070 "https://google.com" "python-requests/2.25.1"
10.20.30.40 - - [02/Feb/2026:09:45:02 -0800] "POST / HTTP/1.1" 502 26109 "https://google.com" "Mozilla/5.0 (X11; Linux x86_64)"
172.16.0.10 - - [04/Feb/2026:09:08:02 -0800] "HEAD /images/logo.png HTTP/1.1" 201 20015 "-" "Mozilla/5.0 (Windows NT 10.0; Win64; x64)"
10.0.0.5 - - [07/Feb/2026:00:10:02 -0800] "PUT /login HTTP/1.1" 502 32259 "https://google.com" "Mozilla/5.0 (Macintosh; Intel Mac OS X 10_15_7)"
198.51.100.8 - - [01/Feb/2026:16:56:02 -0800] "GET / HTTP/1.1" 200 21212 "-" "Mozilla/5.0 (X11; Linux x86_64)"
192.0.2.15 - - [04/Feb/2026:04:49:02 -0800] "GET /checkout HTTP/1.1" 302 25554 "https://google.com" "Mozilla/5.0 (X11; Linux x86_64)"
10.20.30.40 - user22 [07/Feb/2026:20:02:02 -0800] "DELETE /images/logo.png HTTP/1.1" 201 41978 "-" "python-requests/2.25.1"
172.16.0.10 - - [08/Feb/2026:09:40:02 -0800] "POST / HTTP/1.1" 503 389 "-" "Mozilla/5.0 (X11; Linux x86_64)"
10.20.30.40 - user86 [01/Feb/2026:20:47:02 -0800] "DELETE /images/logo.png HTTP/1.1" 503 13619 "-" "Mozilla/5.0 (Windows NT 10.0; Win64; x64)"
10.0.0.5 - - [03/Feb/2026:18:00:02 -0800] "GET /products HTTP/1.1" 301 22847 "https://google.com" "Mozilla/5.0 (Macintosh; Intel Mac OS X 10_15_7)"
10.0.0.5 - - [04/Feb/2026:02:46:02 -0800] "GET /products HTTP/1.1" 302 42325 "-" "python-requests/2.25.1"
10.0.0.5 - - [04/Feb/2026:13:49:02 -0800] "PUT /style.css HTTP/1.1" 204 12984 "https://google.com" "python-requests/2.25.1"
192.168.1.1 - - [06/Feb/2026:05:13:02 -0800] "DELETE /products/1 HTTP/1.1" 404 28405 "-" "Mozilla/5.0 (Macintosh; Intel Mac OS X 10_15_7)"
10.0.0.5 - - [04/Feb/2026:13:37:02 -0800] "POST /products/1 HTTP/1.1" 503 21270 "https://google.com" "python-requests/2.25.1"
192.168.1.1 - user61 [03/Feb/2026:05:29:02 -0800] "DELETE /login HTTP/1.1" 502 1151 "-" "curl/7.64.1"
198.51.100.8 - - [02/Feb/2026:03:11:02 -0800] "GET /index.html HTTP/1.1" 201 37774 "https://google.com" "Mozilla/5.0 (Macintosh; Intel Mac OS X 10_15_7)"
10.0.0.5 - user45 [07/Feb/2026:01:40:02 -0800] "DELETE / HTTP/1.1" 500 47103 "-" "Mozilla/5.0 (Windows NT 10.0; Win64; x64)"
203.0.113.42 - - [04/Feb/2026:11:48:02 -0800] "POST /script.js HTTP/1.1" 200 5979 "-" "python-requests/2.25.1"
192.168.1.1 - - [04/Feb/2026:00:15:02 -0800] "POST /script.js HTTP/1.1" 500 11842 "-" "curl/7.64.1"
10.20.30.40 - - [01/Feb/2026:15:17:02 -0800] "POST /script.js HTTP/1.1" 401 21499 "-" "curl/7.64.1"
192.168.100.50 - - [06/Feb/2026:23:41:02 -0800] "HEAD /style.css HTTP/1.1" 204 42789 "-" "curl/7.64.1"
172.16.0.10 - - [04/Feb/2026:14:52:02 -0800] "HEAD /script.js HTTP/1.1" 500 38941 "-" "curl/7.64.1"
198.51.100.8 - - [08/Feb/2026:10:19:02 -0800] "HEAD /about HTTP/1.1" 401 26920 "-" "Mozilla/5.0 (X11; Linux x86_64)"
192.168.100.50 - - [07/Feb/2026:13:45:02 -0800] "HEAD /contact HTTP/1.1" 502 23992 "https://google.com" "curl/7.64.1"
192.168.1.1 - - [02/Feb/2026:08:16:02 -0800] "GET /style.css HTTP/1.1" 403 7665 "https://google.com" "Mozilla/5.0 (X11; Linux x86_64)"
192.168.1.1 - - [02/Feb/2026:10:54:02 -0800] "HEAD /images/logo.png HTTP/1.1" 204 40968 "-" "Mozilla/5.0 (X11; Linux x86_64)"
198.51.100.8 - user72 [02/Feb/2026:02:35:02 -0800] "HEAD /about HTTP/1.1" 502 44948 "-" "curl/7.64.1"
172.16.0.10 - - [01/Feb/2026:14:03:02 -0800] "PUT /products/1 HTTP/1.1" 204 10178 "https://google.com" "Mozilla/5.0 (X11; Linux x86_64)"
10.0.0.5 - - [06/Feb/2026:14:38:02 -0800] "PUT /api/posts HTTP/1.1" 401 29054 "-" "Mozilla/5.0 (X11; Linux x86_64)"
172.16.0.10 - - [08/Feb/2026:06:20:02 -0800] "GET /login HTTP/1.1" 201 7980 "-" "python-requests/2.25.1"
198.51.100.8 - - [06/Feb/2026:11:43:02 -0800] "HEAD /images/logo.png HTTP/1.1" 301 22363 "-" "Mozilla/5.0 (X11; Linux x86_64)"
192.168.100.50 - - [08/Feb/2026:07:15:02 -0800] "POST /images/logo.png HTTP/1.1" 404 5079 "https://google.com" "curl/7.64.1"
10.0.0.5 - - [07/Feb/2026:01:52:02 -0800] "GET /api/users HTTP/1.1" 204 6903 "-" "Mozilla/5.0 (Macintosh; Intel Mac OS X 10_15_7)"
192.168.1.1 - - [04/Feb/2026:02:20:02 -0800] "DELETE /images/logo.png HTTP/1.1" 200 27107 "-" "python-requests/2.25.1"
172.16.0.10 - - [08/Feb/2026:02:24:02 -0800] "POST /script.js HTTP/1.1" 404 17314 "-" "Mozilla/5.0 (Macintosh; Intel Mac OS X 10_15_7)"
203.0.113.42 - - [06/Feb/2026:07:50:02 -0800] "GET /script.js HTTP/1.1" 301 44357 "-" "Mozilla/5.0 (X11; Linux x86_64)"
198.51.100.8 - - [03/Feb/2026:07:05:02 -0800] "HEAD /api/posts HTTP/1.1" 401 17356 "-" "curl/7.64.1"
192.168.1.1 - - [08/Feb/2026:02:55:02 -0800] "DELETE /images/logo.png HTTP/1.1" 201 18672 "https://google.com" "Mozilla/5.0 (Windows NT 10.0; Win64; x64)"
10.20.30.40 - - [01/Feb/2026:16:03:02 -0800] "PUT /script.js HTTP/1.1" 404 40936 "https://google.com" "Mozilla/5.0 (Windows NT 10.0; Win64; x64)"
10.0.0.5 - - [04/Feb/2026:19:10:02 -0800] "POST / HTTP/1.1" 204 25882 "-" "Mozilla/5.0 (Macintosh; Intel Mac OS X 10_15_7)"
198.51.100.8 - - [04/Feb/2026:03:37:02 -0800] "POST /admin HTTP/1.1" 201 32075 "-" "Mozilla/5.0 (X11; Linux x86_64)"
198.51.100.8 - user22 [06/Feb/2026:06:40:02 -0800] "POST /admin HTTP/1.1" 204 27281 "https://google.com" "Mozilla/5.0 (X11; Linux x86_64)"
10.20.30.40 - - [08/Feb/2026:12:12:02 -0800] "PUT /style.css HTTP/1.1" 503 46598 "-" "Mozilla/5.0 (Macintosh; Intel Mac OS X 10_15_7)"
10.0.0.5 - - [04/Feb/2026:15:59:02 -0800] "POST /contact HTTP/1.1" 301 6813 "https://google.com" "Mozilla/5.0 (Macintosh; Intel Mac OS X 10_15_7)"
10.0.0.5 - user24 [04/Feb/2026:21:36:02 -0800] "POST /script.js HTTP/1.1" 200 45337 "-" "python-requests/2.25.1"
10.20.30.40 - - [02/Feb/2026:05:30:02 -0800] "PUT /contact HTTP/1.1" 503 39709 "-" "curl/7.64.1"
198.51.100.8 - - [05/Feb/2026:16:53:02 -0800] "GET /images/logo.png HTTP/1.1" 200 43288 "https://google.com" "curl/7.64.1"
10.0.0.5 - - [02/Feb/2026:06:22:02 -0800] "PUT /products/1 HTTP/1.1" 200 27714 "https://google.com" "curl/7.64.1"
192.0.2.15 - - [03/Feb/2026:02:34:02 -0800] "GET /products HTTP/1.1" 503 5872 "https://google.com" "Mozilla/5.0 (X11; Linux x86_64)"
10.0.0.5 - - [06/Feb/2026:06:05:02 -0800] "POST /checkout HTTP/1.1" 404 28454 "https://google.com" "Mozilla/5.0 (X11; Linux x86_64)"
10.20.30.40 - - [07/Feb/2026:23:14:02 -0800] "PUT /style.css HTTP/1.1" 403 1089 "https://google.com" "Mozilla/5.0 (Windows NT 10.0; Win64; x64)"
192.168.100.50 - - [02/Feb/2026:16:02:02 -0800] "DELETE /images/logo.png HTTP/1.1" 200 27463 "https://google.com" "Mozilla/5.0 (Windows NT 10.0; Win64; x64)"
10.0.0.5 - user75 [07/Feb/2026:03:19:02 -0800] "POST /products/1 HTTP/1.1" 302 19573 "https://google.com" "python-requests/2.25.1"
192.168.100.50 - - [02/Feb/2026:04:18:02 -0800] "GET /api/users HTTP/1.1" 403 33390 "https://google.com" "curl/7.64.1"
192.168.100.50 - - [04/Feb/2026:16:27:02 -0800] "PUT /products HTTP/1.1" 503 30479 "-" "python-requests/2.25.1"
192.168.100.50 - user12 [01/Feb/2026:23:00:02 -0800] "POST /products HTTP/1.1" 404 4021 "https://google.com" "Mozilla/5.0 (Windows NT 10.0; Win64; x64)"
198.51.100.8 - - [06/Feb/2026:16:38:02 -0800] "PUT /checkout HTTP/1.1" 503 44556 "-" "Mozilla/5.0 (Macintosh; Intel Mac OS X 10_15_7)"
192.168.100.50 - - [02/Feb/2026:05:00:02 -0800] "DELETE /contact HTTP/1.1" 404 36766 "-" "Mozilla/5.0 (Windows NT 10.0; Win64; x64)"
10.20.30.40 - - [04/Feb/2026:06:32:02 -0800] "POST / HTTP/1.1" 200 47642 "https://google.com" "Mozilla/5.0 (X11; Linux x86_64)"
203.0.113.42 - user46 [07/Feb/2026:00:10:02 -0800] "HEAD /admin HTTP/1.1" 204 43310 "-" "python-requests/2.25.1"
10.0.0.5 - - [01/Feb/2026:20:46:02 -0800] "DELETE /index.html HTTP/1.1" 503 25839 "-" "Mozilla/5.0 (Macintosh; Intel Mac OS X 10_15_7)"
10.0.0.5 - - [07/Feb/2026:11:53:02 -0800] "DELETE /images/logo.png HTTP/1.1" 404 5868 "https://google.com" "python-requests/2.25.1"
172.16.0.10 - - [04/Feb/2026:02:56:02 -0800] "PUT /index.html HTTP/1.1" 500 34630 "https://google.com" "Mozilla/5.0 (X11; Linux x86_64)"
203.0.113.42 - user59 [06/Feb/2026:02:34:02 -0800] "GET /script.js HTTP/1.1" 503 22947 "-" "python-requests/2.25.1"
172.16.0.10 - - [04/Feb/2026:14:53:02 -0800] "PUT /api/posts HTTP/1.1" 500 49512 "-" "curl/7.64.1"
192.168.1.1 - - [03/Feb/2026:16:13:02 -0800] "HEAD /script.js HTTP/1.1" 404 48917 "-" "curl/7.64.1"
203.0.113.42 - - [07/Feb/2026:05:01:02 -0800] "GET /style.css HTTP/1.1" 201 8742 "-" "Mozilla/5.0 (Macintosh; Intel Mac OS X 10_15_7)"
192.168.100.50 - - [08/Feb/2026:09:15:02 -0800] "POST /login HTTP/1.1" 500 8988 "-" "python-requests/2.25.1"
192.168.100.50 - - [05/Feb/2026:05:15:02 -0800] "POST /about HTTP/1.1" 401 21594 "-" "python-requests/2.25.1"
172.16.0.10 - - [04/Feb/2026:06:11:02 -0800] "PUT /api/users HTTP/1.1" 502 32386 "-" "Mozilla/5.0 (Windows NT 10.0; Win64; x64)"
198.51.100.8 - user74 [07/Feb/2026:05:09:02 -0800] "HEAD /script.js HTTP/1.1" 201 5653 "-" "Mozilla/5.0 (X11; Linux x86_64)"
198.51.100.8 - - [05/Feb/2026:15:51:02 -0800] "PUT /style.css HTTP/1.1" 204 35939 "-" "python-requests/2.25.1"
198.51.100.8 - - [02/Feb/2026:03:34:02 -0800] "POST /script.js HTTP/1.1" 404 4161 "-" "python-requests/2.25.1"
172.16.0.10 - - [07/Feb/2026:13:13:02 -0800] "HEAD /products HTTP/1.1" 401 46256 "-" "python-requests/2.25.1"
198.51.100.8 - - [04/Feb/2026:07:31:02 -0800] "POST /admin HTTP/1.1" 500 38524 "https://google.com" "Mozilla/5.0 (X11; Linux x86_64)"
192.168.100.50 - - [07/Feb/2026:07:55:02 -0800] "POST / HTTP/1.1" 401 45057 "-" "Mozilla/5.0 (Windows NT 10.0; Win64; x64)"
198.51.100.8 - - [04/Feb/2026:03:16:02 -0800] "GET /about HTTP/1.1" 503 2075 "https://google.com" "python-requests/2.25.1"
172.16.0.10 - - [04/Feb/2026:00:46:02 -0800] "PUT /login HTTP/1.1" 301 23064 "-" "Mozilla/5.0 (Macintosh; Intel Mac OS X 10_15_7)"
10.0.0.5 - - [01/Feb/2026:14:46:02 -0800] "DELETE /checkout HTTP/1.1" 200 27481 "-" "Mozilla/5.0 (X11; Linux x86_64)"
203.0.113.42 - - [08/Feb/2026:03:32:02 -0800] "POST / HTTP/1.1" 200 13291 "-" "python-requests/2.25.1"
192.168.1.1 - - [03/Feb/2026:14:19:02 -0800] "PUT /images/logo.png HTTP/1.1" 400 46036 "-" "python-requests/2.25.1"
192.168.100.50 - - [06/Feb/2026:22:23:02 -0800] "HEAD /style.css HTTP/1.1" 400 29475 "https://google.com" "python-requests/2.25.1"
192.168.1.1 - - [02/Feb/2026:12:48:02 -0800] "POST /api/posts HTTP/1.1" 204 39788 "https://google.com" "curl/7.64.1"
192.0.2.15 - - [05/Feb/2026:17:21:02 -0800] "POST /products/1 HTTP/1.1" 403 13273 "-" "Mozilla/5.0 (Macintosh; Intel Mac OS X 10_15_7)"
10.20.30.40 - - [04/Feb/2026:03:12:02 -0800] "DELETE /style.css HTTP/1.1" 404 43090 "-" "Mozilla/5.0 (Macintosh; Intel Mac OS X 10_15_7)"
172.16.0.10 - - [03/Feb/2026:00:36:02 -0800] "PUT /images/logo.png HTTP/1.1" 401 21372 "-" "python-requests/2.25.1"
172.16.0.10 - - [08/Feb/2026:07:57:02 -0800] "POST /style.css HTTP/1.1" 500 7159 "-" "curl/7.64.1"
192.168.1.1 - user93 [05/Feb/2026:13:00:02 -0800] "HEAD /api/posts HTTP/1.1" 502 26568 "-" "python-requests/2.25.1"
198.51.100.8 - - [07/Feb/2026:13:34:02 -0800] "HEAD /index.html HTTP/1.1" 204 46332 "-" "curl/7.64.1"
198.51.100.8 - - [05/Feb/2026:14:54:02 -0800] "POST /api/posts HTTP/1.1" 301 17236 "-" "Mozilla/5.0 (Macintosh; Intel Mac OS X 10_15_7)"
198.51.100.8 - user27 [06/Feb/2026:09:32:02 -0800] "PUT /products HTTP/1.1" 200 30818 "-" "Mozilla/5.0 (Windows NT 10.0; Win64; x64)"
192.168.100.50 - - [03/Feb/2026:20:18:02 -0800] "HEAD /login HTTP/1.1" 400 12692 "https://google.com" "python-requests/2.25.1"
10.20.30.40 - - [05/Feb/2026:12:13:02 -0800] "DELETE /api/users HTTP/1.1" 503 17925 "-" "Mozilla/5.0 (Windows NT 10.0; Win64; x64)"
198.51.100.8 - - [08/Feb/2026:01:53:02 -0800] "DELETE /about HTTP/1.1" 401 36231 "https://google.com" "Mozilla/5.0 (X11; Linux x86_64)"
10.20.30.40 - - [03/Feb/2026:04:53:02 -0800] "HEAD /products/1 HTTP/1.1" 401 37534 "https://google.com" "Mozilla/5.0 (Windows NT 10.0; Win64; x64)"
10.20.30.40 - - [06/Feb/2026:05:43:02 -0800] "POST /script.js HTTP/1.1" 503 15624 "https://google.com" "Mozilla/5.0 (X11; Linux x86_64)"
198.51.100.8 - - [04/Feb/2026:20:31:02 -0800] "GET /login HTTP/1.1" 204 29878 "https://google.com" "python-requests/2.25.1"
192.168.1.1 - user88 [06/Feb/2026:16:46:02 -0800] "HEAD /api/users HTTP/1.1" 503 47520 "https://google.com" "Mozilla/5.0 (Windows NT 10.0; Win64; x64)"
192.168.100.50 - - [05/Feb/2026:09:36:02 -0800] "POST /images/logo.png HTTP/1.1" 401 23428 "-" "Mozilla/5.0 (Windows NT 10.0; Win64; x64)"
172.16.0.10 - - [05/Feb/2026:22:18:02 -0800] "DELETE /api/posts HTTP/1.1" 201 1399 "https://google.com" "Mozilla/5.0 (Macintosh; Intel Mac OS X 10_15_7)"
172.16.0.10 - user10 [05/Feb/2026:21:52:02 -0800] "DELETE /contact HTTP/1.1" 503 38199 "-" "Mozilla/5.0 (Windows NT 10.0; Win64; x64)"
203.0.113.42 - - [03/Feb/2026:23:44:02 -0800] "HEAD /about HTTP/1.1" 400 1016 "https://google.com" "Mozilla/5.0 (X11; Linux x86_64)"
192.168.1.1 - - [01/Feb/2026:18:28:02 -0800] "HEAD /images/logo.png HTTP/1.1" 403 19933 "-" "curl/7.64.1"
203.0.113.42 - - [04/Feb/2026:00:51:02 -0800] "DELETE /style.css HTTP/1.1" 403 28545 "-" "python-requests/2.25.1"
192.168.1.1 - - [07/Feb/2026:16:33:02 -0800] "POST /products/1 HTTP/1.1" 400 15346 "-" "Mozilla/5.0 (Windows NT 10.0; Win64; x64)"
10.20.30.40 - - [04/Feb/2026:01:47:02 -0800] "PUT /api/users HTTP/1.1" 404 8246 "-" "python-requests/2.25.1"
192.168.100.50 - - [07/Feb/2026:20:05:02 -0800] "HEAD /contact HTTP/1.1" 201 40199 "-" "Mozilla/5.0 (Macintosh; Intel Mac OS X 10_15_7)"
198.51.100.8 - - [03/Feb/2026:00:47:02 -0800] "PUT /contact HTTP/1.1" 204 27891 "-" "curl/7.64.1"
198.51.100.8 - - [02/Feb/2026:19:28:02 -0800] "HEAD /admin HTTP/1.1" 201 20487 "-" "python-requests/2.25.1"
10.20.30.40 - - [06/Feb/2026:07:58:02 -0800] "GET /contact HTTP/1.1" 301 20613 "-" "python-requests/2.25.1"
172.16.0.10 - - [04/Feb/2026:22:36:02 -0800] "POST /script.js HTTP/1.1" 503 2457 "-" "curl/7.64.1"
172.16.0.10 - - [05/Feb/2026:19:30:02 -0800] "GET /login HTTP/1.1" 400 2834 "https://google.com" "Mozilla/5.0 (Macintosh; Intel Mac OS X 10_15_7)"
192.168.100.50 - - [05/Feb/2026:13:35:02 -0800] "GET /products HTTP/1.1" 401 26874 "-" "Mozilla/5.0 (Windows NT 10.0; Win64; x64)"
10.20.30.40 - - [07/Feb/2026:21:47:02 -0800] "POST /index.html HTTP/1.1" 403 13368 "-" "python-requests/2.25.1"
192.0.2.15 - - [07/Feb/2026:02:37:02 -0800] "GET /checkout HTTP/1.1" 503 8991 "-" "Mozilla/5.0 (X11; Linux x86_64)"
10.20.30.40 - user60 [04/Feb/2026:03:05:02 -0800] "GET /login HTTP/1.1" 503 25086 "https://google.com" "Mozilla/5.0 (Windows NT 10.0; Win64; x64)"
10.20.30.40 - - [04/Feb/2026:14:01:02 -0800] "PUT /script.js HTTP/1.1" 400 40222 "https://google.com" "Mozilla/5.0 (Macintosh; Intel Mac OS X 10_15_7)"
192.168.100.50 - user64 [06/Feb/2026:17:28:02 -0800] "DELETE /admin HTTP/1.1" 403 10391 "-" "Mozilla/5.0 (Macintosh; Intel Mac OS X 10_15_7)"
10.0.0.5 - - [05/Feb/2026:15:02:02 -0800] "HEAD /admin HTTP/1.1" 503 10899 "https://google.com" "Mozilla/5.0 (Windows NT 10.0; Win64; x64)"
10.20.30.40 - - [06/Feb/2026:00:28:02 -0800] "DELETE /checkout HTTP/1.1" 200 40251 "-" "curl/7.64.1"
192.0.2.15 - user47 [06/Feb/2026:03:25:02 -0800] "HEAD / HTTP/1.1" 403 10814 "https://google.com" "Mozilla/5.0 (X11; Linux x86_64)"
10.20.30.40 - - [04/Feb/2026:08:27:02 -0800] "POST /images/logo.png HTTP/1.1" 301 25469 "-" "Mozilla/5.0 (X11; Linux x86_64)"
198.51.100.8 - - [07/Feb/2026:23:37:02 -0800] "GET /api/users HTTP/1.1" 301 44586 "-" "Mozilla/5.0 (Windows NT 10.0; Win64; x64)"
10.20.30.40 - user48 [06/Feb/2026:03:03:02 -0800] "PUT /products HTTP/1.1" 500 12945 "-" "Mozilla/5.0 (Macintosh; Intel Mac OS X 10_15_7)"
192.168.1.1 - user17 [03/Feb/2026:08:58:02 -0800] "POST /login HTTP/1.1" 500 19244 "-" "Mozilla/5.0 (Macintosh; Intel Mac OS X 10_15_7)"
10.20.30.40 - - [07/Feb/2026:03:00:02 -0800] "HEAD /products/1 HTTP/1.1" 204 34221 "-" "Mozilla/5.0 (Windows NT 10.0; Win64; x64)"
10.0.0.5 - user91 [06/Feb/2026:07:23:02 -0800] "POST /api/posts HTTP/1.1" 403 21849 "-" "curl/7.64.1"
192.0.2.15 - - [07/Feb/2026:19:47:02 -0800] "HEAD /script.js HTTP/1.1" 301 48963 "-" "python-requests/2.25.1"
192.0.2.15 - - [03/Feb/2026:02:48:02 -0800] "HEAD /login HTTP/1.1" 204 38745 "-" "Mozilla/5.0 (X11; Linux x86_64)"
198.51.100.8 - - [05/Feb/2026:01:23:02 -0800] "PUT /products/1 HTTP/1.1" 404 19614 "-" "Mozilla/5.0 (Windows NT 10.0; Win64; x64)"
10.0.0.5 - user8 [08/Feb/2026:06:15:02 -0800] "PUT /login HTTP/1.1" 204 15605 "-" "python-requests/2.25.1"
172.16.0.10 - - [01/Feb/2026:20:43:02 -0800] "HEAD /products HTTP/1.1" 400 4871 "https://google.com" "Mozilla/5.0 (X11; Linux x86_64)"
198.51.100.8 - - [04/Feb/2026:19:10:02 -0800] "HEAD /api/posts HTTP/1.1" 201 17366 "https://google.com" "Mozilla/5.0 (Macintosh; Intel Mac OS X 10_15_7)"
10.0.0.5 - user81 [05/Feb/2026:05:09:02 -0800] "DELETE /checkout HTTP/1.1" 302 23119 "-" "Mozilla/5.0 (Macintosh; Intel Mac OS X 10_15_7)"
10.20.30.40 - - [05/Feb/2026:10:18:02 -0800] "POST / HTTP/1.1" 502 45637 "https://google.com" "Mozilla/5.0 (Windows NT 10.0; Win64; x64)"
203.0.113.42 - - [03/Feb/2026:20:03:02 -0800] "POST / HTTP/1.1" 502 48437 "https://google.com" "Mozilla/5.0 (Windows NT 10.0; Win64; x64)"
198.51.100.8 - user80 [04/Feb/2026:13:20:02 -0800] "DELETE /products HTTP/1.1" 201 50040 "-" "Mozilla/5.0 (Macintosh; Intel Mac OS X 10_15_7)"
192.168.100.50 - - [02/Feb/2026:22:31:02 -0800] "DELETE /api/users HTTP/1.1" 503 26444 "https://google.com" "curl/7.64.1"
192.0.2.15 - user33 [02/Feb/2026:04:36:02 -0800] "GET /contact HTTP/1.1" 302 38863 "-" "python-requests/2.25.1"
192.168.100.50 - - [04/Feb/2026:19:23:02 -0800] "PUT /login HTTP/1.1" 201 29846 "https://google.com" "curl/7.64.1"
172.16.0.10 - user11 [01/Feb/2026:16:24:02 -0800] "DELETE /api/posts HTTP/1.1" 502 40306 "-" "Mozilla/5.0 (Macintosh; Intel Mac OS X 10_15_7)"
198.51.100.8 - - [05/Feb/2026:12:23:02 -0800] "HEAD /checkout HTTP/1.1" 500 14356 "https://google.com" "Mozilla/5.0 (X11; Linux x86_64)"
10.20.30.40 - user6 [01/Feb/2026:13:44:02 -0800] "HEAD /api/users HTTP/1.1" 401 45824 "-" "curl/7.64.1"
10.0.0.5 - - [06/Feb/2026:12:11:02 -0800] "HEAD /products HTTP/1.1" 404 49713 "-" "curl/7.64.1"
198.51.100.8 - - [04/Feb/2026:12:55:02 -0800] "PUT /api/users HTTP/1.1" 401 6672 "https://google.com" "Mozilla/5.0 (X11; Linux x86_64)"
198.51.100.8 - - [01/Feb/2026:16:19:02 -0800] "GET /admin HTTP/1.1" 301 5484 "-" "Mozilla/5.0 (Macintosh; Intel Mac OS X 10_15_7)"
192.168.100.50 - - [03/Feb/2026:15:15:02 -0800] "GET /api/posts HTTP/1.1" 301 23390 "-" "Mozilla/5.0 (Macintosh; Intel Mac OS X 10_15_7)"
192.0.2.15 - - [03/Feb/2026:16:49:02 -0800] "PUT /api/users HTTP/1.1" 400 45015 "https://google.com" "Mozilla/5.0 (Windows NT 10.0; Win64; x64)"
10.20.30.40 - user46 [05/Feb/2026:10:59:02 -0800] "GET /index.html HTTP/1.1" 400 1027 "-" "python-requests/2.25.1"
10.20.30.40 - - [01/Feb/2026:23:48:02 -0800] "HEAD / HTTP/1.1" 204 22819 "-" "curl/7.64.1"
192.168.100.50 - - [07/Feb/2026:14:37:02 -0800] "DELETE /api/users HTTP/1.1" 401 25655 "-" "Mozilla/5.0 (Macintosh; Intel Mac OS X 10_15_7)"
192.168.100.50 - - [05/Feb/2026:18:29:02 -0800] "DELETE /style.css HTTP/1.1" 401 38176 "https://google.com" "Mozilla/5.0 (Macintosh; Intel Mac OS X 10_15_7)"
192.0.2.15 - - [04/Feb/2026:14:31:02 -0800] "DELETE /contact HTTP/1.1" 500 45748 "https://google.com" "Mozilla/5.0 (X11; Linux x86_64)"
198.51.100.8 - - [02/Feb/2026:16:46:02 -0800] "PUT /api/users HTTP/1.1" 201 34720 "-" "curl/7.64.1"
192.0.2.15 - - [02/Feb/2026:01:54:02 -0800] "HEAD /contact HTTP/1.1" 400 17359 "-" "curl/7.64.1"
192.168.1.1 - - [01/Feb/2026:23:18:02 -0800] "POST /images/logo.png HTTP/1.1" 401 4258 "-" "Mozilla/5.0 (Macintosh; Intel Mac OS X 10_15_7)"
192.168.100.50 - - [02/Feb/2026:08:36:02 -0800] "PUT /login HTTP/1.1" 500 2440 "https://google.com" "curl/7.64.1"
192.0.2.15 - - [05/Feb/2026:12:47:02 -0800] "HEAD /index.html HTTP/1.1" 503 19821 "-" "Mozilla/5.0 (Macintosh; Intel Mac OS X 10_15_7)"
172.16.0.10 - - [06/Feb/2026:19:08:02 -0800] "POST /style.css HTTP/1.1" 201 18454 "-" "Mozilla/5.0 (Macintosh; Intel Mac OS X 10_15_7)"
192.168.100.50 - user55 [04/Feb/2026:23:55:02 -0800] "HEAD /products/1 HTTP/1.1" 204 42164 "-" "python-requests/2.25.1"
198.51.100.8 - - [05/Feb/2026:22:44:02 -0800] "HEAD /index.html HTTP/1.1" 204 3902 "-" "python-requests/2.25.1"
203.0.113.42 - user27 [04/Feb/2026:13:56:02 -0800] "POST /style.css HTTP/1.1" 500 39392 "-" "Mozilla/5.0 (X11; Linux x86_64)"
203.0.113.42 - user97 [04/Feb/2026:12:09:02 -0800] "GET /api/users HTTP/1.1" 301 26706 "-" "Mozilla/5.0 (X11; Linux x86_64)"
192.0.2.15 - - [04/Feb/2026:20:56:02 -0800] "HEAD /contact HTTP/1.1" 503 46469 "-" "python-requests/2.25.1"
192.0.2.15 - - [08/Feb/2026:04:09:02 -0800] "POST /script.js HTTP/1.1" 404 44525 "https://google.com" "Mozilla/5.0 (Macintosh; Intel Mac OS X 10_15_7)"
198.51.100.8 - user71 [07/Feb/2026:20:00:02 -0800] "HEAD /login HTTP/1.1" 403 16080 "-" "Mozilla/5.0 (Macintosh; Intel Mac OS X 10_15_7)"
203.0.113.42 - user12 [01/Feb/2026:18:18:02 -0800] "HEAD /script.js HTTP/1.1" 503 45861 "-" "curl/7.64.1"
10.20.30.40 - - [06/Feb/2026:17:10:02 -0800] "POST /index.html HTTP/1.1" 404 7145 "https://google.com" "Mozilla/5.0 (X11; Linux x86_64)"
198.51.100.8 - - [06/Feb/2026:11:59:02 -0800] "PUT /admin HTTP/1.1" 401 42885 "-" "python-requests/2.25.1"
192.168.100.50 - - [02/Feb/2026:05:06:02 -0800] "PUT /contact HTTP/1.1" 404 41678 "-" "Mozilla/5.0 (X11; Linux x86_64)"
192.168.1.1 - - [03/Feb/2026:08:49:02 -0800] "POST /products/1 HTTP/1.1" 204 6656 "https://google.com" "curl/7.64.1"
192.168.1.1 - - [06/Feb/2026:04:01:02 -0800] "GET / HTTP/1.1" 500 10231 "-" "Mozilla/5.0 (X11; Linux x86_64)"
192.0.2.15 - user47 [02/Feb/2026:16:10:02 -0800] "HEAD /index.html HTTP/1.1" 400 30099 "https://google.com" "Mozilla/5.0 (Macintosh; Intel Mac OS X 10_15_7)"
10.20.30.40 - - [08/Feb/2026:06:38:02 -0800] "DELETE /login HTTP/1.1" 500 14322 "-" "Mozilla/5.0 (Windows NT 10.0; Win64; x64)"
198.51.100.8 - - [03/Feb/2026:09:58:02 -0800] "PUT /products/1 HTTP/1.1" 201 11798 "-" "Mozilla/5.0 (Windows NT 10.0; Win64; x64)"
10.0.0.5 - user72 [05/Feb/2026:19:32:02 -0800] "GET /contact HTTP/1.1" 500 7664 "https://google.com" "Mozilla/5.0 (Macintosh; Intel Mac OS X 10_15_7)"
192.168.1.1 - - [04/Feb/2026:09:59:02 -0800] "PUT /api/posts HTTP/1.1" 502 33547 "https://google.com" "Mozilla/5.0 (Windows NT 10.0; Win64; x64)"
10.0.0.5 - - [06/Feb/2026:05:45:02 -0800] "GET /style.css HTTP/1.1" 503 43493 "https://google.com" "python-requests/2.25.1"
192.0.2.15 - - [03/Feb/2026:09:50:02 -0800] "GET /api/users HTTP/1.1" 503 45774 "https://google.com" "curl/7.64.1"
10.0.0.5 - - [02/Feb/2026:07:44:02 -0800] "GET /api/posts HTTP/1.1" 403 45632 "-" "curl/7.64.1"
198.51.100.8 - user36 [03/Feb/2026:08:22:02 -0800] "POST /api/users HTTP/1.1" 204 32971 "-" "Mozilla/5.0 (Windows NT 10.0; Win64; x64)"
203.0.113.42 - - [07/Feb/2026:22:04:02 -0800] "GET /about HTTP/1.1" 301 6267 "https://google.com" "Mozilla/5.0 (Macintosh; Intel Mac OS X 10_15_7)"
203.0.113.42 - - [01/Feb/2026:14:06:02 -0800] "HEAD /api/posts HTTP/1.1" 401 33736 "-" "python-requests/2.25.1"
192.168.1.1 - - [07/Feb/2026:14:53:02 -0800] "HEAD /contact HTTP/1.1" 301 45620 "-" "Mozilla/5.0 (Macintosh; Intel Mac OS X 10_15_7)"
172.16.0.10 - - [02/Feb/2026:19:01:02 -0800] "GET /login HTTP/1.1" 403 28699 "-" "Mozilla/5.0 (Windows NT 10.0; Win64; x64)"
10.20.30.40 - - [07/Feb/2026:14:04:02 -0800] "HEAD /api/users HTTP/1.1" 503 12879 "-" "curl/7.64.1"
192.168.1.1 - - [07/Feb/2026:20:20:02 -0800] "POST /index.html HTTP/1.1" 301 19564 "-" "Mozilla/5.0 (X11; Linux x86_64)"
10.20.30.40 - - [02/Feb/2026:19:45:02 -0800] "POST /contact HTTP/1.1" 204 37498 "https://google.com" "Mozilla/5.0 (X11; Linux x86_64)"
192.168.1.1 - - [03/Feb/2026:12:35:02 -0800] "DELETE /api/posts HTTP/1.1" 500 5414 "-" "Mozilla/5.0 (X11; Linux x86_64)"
10.0.0.5 - - [07/Feb/2026:19:46:02 -0800] "HEAD /products HTTP/1.1" 301 23225 "-" "Mozilla/5.0 (X11; Linux x86_64)"
198.51.100.8 - - [06/Feb/2026:01:56:02 -0800] "HEAD / HTTP/1.1" 204 19579 "-" "Mozilla/5.0 (Windows NT 10.0; Win64; x64)"
10.20.30.40 - user65 [06/Feb/2026:14:03:02 -0800] "HEAD /style.css HTTP/1.1" 401 28368 "-" "curl/7.64.1"
192.168.100.50 - user73 [07/Feb/2026:11:58:02 -0800] "GET /about HTTP/1.1" 400 2063 "-" "Mozilla/5.0 (Windows NT 10.0; Win64; x64)"
10.20.30.40 - - [06/Feb/2026:21:29:02 -0800] "GET / HTTP/1.1" 301 21736 "-" "Mozilla/5.0 (Windows NT 10.0; Win64; x64)"
10.20.30.40 - - [02/Feb/2026:09:28:02 -0800] "POST /script.js HTTP/1.1" 301 12168 "-" "curl/7.64.1"
10.0.0.5 - - [05/Feb/2026:13:52:02 -0800] "POST /login HTTP/1.1" 401 4994 "https://google.com" "curl/7.64.1"
192.0.2.15 - - [04/Feb/2026:07:20:02 -0800] "POST /products/1 HTTP/1.1" 200 24854 "-" "curl/7.64.1"
203.0.113.42 - user52 [08/Feb/2026:07:05:02 -0800] "POST /login HTTP/1.1" 502 9900 "https://google.com" "curl/7.64.1"
