10.0.0.5 - - [01/Feb/2026:23:21:02 -0800] "POST /checkout HTTP/1.1" 404 4837 "-" "python-requests/2.25.1"
192.0.2.15 - - [07/Feb/2026:18:46:02 -0800] "HEAD /api/posts HTTP/1.1" 404 40362 "https://google.com" "curl/7.64.1"
10.20.30.40 - user42 [05/Feb/2026:02:56:02 -0800] "PUT / HTTP/1.1" 201 28547 "-" "curl/7.64.1"
10.0.0.5 - - [03/Feb/2026:15:27:02 -0800] "GET /style.css HTTP/1.1" 502 27507 "https://google.com" "Mozilla/5.0 (Windows NT 10.0; Win64; x64)"
203.0.113.42 - - [07/Feb/2026:13:47:02 -0800] "POST /checkout HTTP/1.1" 401 37359 "-" "curl/7.64.1"
172.16.0.10 - - [02/Feb/2026:12:42:02 -0800] "DELETE /images/logo.png HTTP/1.1" 204 13925 "https://google.com" "Mozilla/5.0 (Macintosh; Intel Mac OS X 10_15_7)"
192.0.2.15 - user40 [06/Feb/2026:10:19:02 -0800] "DELETE /products HTTP/1.1" 403 11020 "-" "Mozilla/5.0 (X11; Linux x86_64)"
203.0.113.42 - - [05/Feb/2026:17:04:02 -0800] "GET /api/users HTTP/1.1" 503 1236 "-" "Mozilla/5.0 (Macintosh; Intel Mac OS X 10_15_7)"
198.51.100.8 - - [05/Feb/2026:09:54:02 -0800] "POST / HTTP/1.1" 500 26297 "-" "Mozilla/5.0 (X11; Linux x86_64)"
192.168.1.1 - - [01/Feb/2026:22:25:02 -0800] "HEAD /admin HTTP/1.1" 503 14146 "-" "curl/7.64.1"
10.20.30.40 - - [03/Feb/2026:20:36:02 -0800] "POST /products/1 HTTP/1.1" 403 15764 "-" "curl/7.64.1"
10.0.0.5 - - [07/Feb/2026:00:00:02 -0800] "HEAD /login HTTP/1.1" 204 27333 "-" "Mozilla/5.0 (X11; Linux x86_64)"
203.0.113.42 - - [06/Feb/2026:18:12:02 -0800] "PUT /style.css HTTP/1.1" 301 3856 "-" "curl/7.64.1"
10.0.0.5 - - [05/Feb/2026:16:16:02 -0800] "GET /index.html HTTP/1.1" 200 6860 "-" "python-requests/2.25.1"
10.0.0.5 - - [06/Feb/2026:01:05:02 -0800] "DELETE /contact HTTP/1.1" 204 24798 "https://google.com" "Mozilla/5.0 (X11; Linux x86_64)"
10.20.30.40 - user97 [03/Feb/2026:05:15:02 -0800] "POST / HTTP/1.1" 301 26388 "https://google.com" "Mozilla/5.0 (X11; Linux x86_64)"
192.0.2.15 - - [06/Feb/2026:02:58:02 -0800] "POST /style.css HTTP/1.1" 401 17426 "https://google.com" "Mozilla/5.0 (Macintosh; Intel Mac OS X 10_15_7)"
10.0.0.5 - user25 [05/Feb/2026:02:07:02 -0800] "DELETE /api/posts HTTP/1.1" 204 13148 "-" "Mozilla/5.0 (Windows NT 10.0; Win64; x64)"
192.168.1.1 - user4 [05/Feb/2026:07:30:02 -0800] "DELETE /api/users HTTP/1.1" 301 33611 "https://google.com" "Mozilla/5.0 (X11; Linux x86_64)"
192.0.2.15 - - [03/Feb/2026:08:44:02 -0800] "HEAD /images/logo.png HTTP/1.1" 404 23824 "-" "Mozilla/5.0 (X11; Linux x86_64)"
198.51.100.8 - user97 [06/Feb/2026:11:40:02 -0800] "POST /products/1 HTTP/1.1" 204 32792 "-" "python-requests/2.25.1"
203.0.113.42 - - [03/Feb/2026:08:59:02 -0800] "POST /login HTTP/1.1" 200 39041 "-" "python-requests/2.25.1"
192.168.100.50 - - [03/Feb/2026:04:55:02 -0800] "PUT /index.html HTTP/1.1" 500 25838 "https://google.com" "Mozilla/5.0 (Windows NT 10.0; Win64; x64)"
10.20.30.40 - - [04/Feb/2026:10:36:02 -0800] "HEAD /script.js HTTP/1.1" 503 42162 "https://google.com" "Mozilla/5.0 (X11; Linux x86_64)"
192.168.100.50 - - [02/Feb/2026:01:49:02 -0800] "HEAD /api/posts HTTP/1.1" 302 10083 "-" "Mozilla/5.0 (Windows NT 10.0; Win64; x64)"
172.16.0.10 - - [04/Feb/2026:12:16:02 -0800] "DELETE /script.js HTTP/1.1" 503 35671 "https://google.com" "Mozilla/5.0 (Macintosh; Intel Mac OS X 10_15_7)"
203.0.113.42 - - [06/Feb/2026:09:32:02 -0800] "GET /products HTTP/1.1" 301 29647 "https://google.com" "python-requests/2.25.1"
192.168.100.50 - - [04/Feb/2026:05:22:02 -0800] "PUT /about HTTP/1.1" 200 24542 "-" "python-requests/2.25.1"
10.20.30.40 - user61 [04/Feb/2026:21:03:02 -0800] "PUT /api/users HTTP/1.1" 502 15494 "https://google.com" "python-requests/2.25.1"
203.0.113.42 - - [06/Feb/2026:03:19:02 -0800] "HEAD /checkout HTTP/1.1" 204 38709 "-" "curl/7.64.1"
192.0.2.15 - - [02/Feb/2026:13:29:02 -0800] "POST /style.css HTTP/1.1" 404 34826 "https://google.com" "python-requests/2.25.1"
192.0.2.15 - - [05/Feb/2026:11:13:02 -0800] "PUT /admin HTTP/1.1" 302 42247 "https://google.com" "Mozilla/5.0 (X11; Linux x86_64)"
192.168.1.1 - - [01/Feb/2026:23:46:02 -0800] "POST /style.css HTTP/1.1" 502 134 "-" "curl/7.64.1"
203.0.113.42 - - [07/Feb/2026:17:44:02 -0800] "PUT /login HTTP/1.1" 503 12445 "-" "python-requests/2.25.1"
10.20.30.40 - - [03/Feb/2026:08:42:02 -0800] "GET /contact HTTP/1.1" 403 1926 "https://google.com" "python-requests/2.25.1"
192.168.1.1 - user1 [02/Feb/2026:07:32:02 -0800] "GET /contact HTTP/1.1" 400 39797 "https://google.com" "Mozilla/5.0 (Windows NT 10.0; Win64; x64)"
192.168.100.50 - - [05/Feb/2026:23:37:02 -0800] "DELETE /style.css HTTP/1.1" 503 7527 "-" "Mozilla/5.0 (X11; Linux x86_64)"
10.0.0.5 - - [06/Feb/2026:04:16:02 -0800] "PUT /script.js HTTP/1.1" 401 43967 "-" "Mozilla/5.0 (Macintosh; Intel Mac OS X 10_15_7)"
198.51.100.8 - - [06/Feb/2026:06:12:02 -0800] "DELETE /script.js HTTP/1.1" 201 22350 "-" "python-requests/2.25.1"
10.20.30.40 - - [01/Feb/2026:14:16:02 -0800] "DELETE /products/1 HTTP/1.1" 500 33396 "https://google.com" "Mozilla/5.0 (Macintosh; Intel Mac OS X 10_15_7)"
192.168.1.1 - - [04/Feb/2026:10:43:02 -0800] "PUT /script.js HTTP/1.1" 302 6420 "-" "Mozilla/5.0 (Windows NT 10.0; Win64; x64)"
198.51.100.8 - user84 [01/Feb/2026:19:55:02 -0800] "POST /style.css HTTP/1.1" 302 47481 "https://google.com" "python-requests/2.25.1"
192.168.1.1 - - [06/Feb/2026:19:10:02 -0800] "DELETE /login HTTP/1.1" 401 27518 "-" "python-requests/2.25.1"
172.16.0.10 - - [06/Feb/2026:15:42:02 -0800] "POST /images/logo.png HTTP/1.1" 502 32710 "-" "python-requests/2.25.1"
172.16.0.10 - - [04/Feb/2026:03:36:02 -0800] "POST /login HTTP/1.1" 302 37860 "https://google.com" "curl/7.64.1"
192.0.2.15 - - [08/Feb/2026:11:10:02 -0800] "HEAD / HTTP/1.1" 302 21253 "https://google.com" "Mozilla/5.0 (Macintosh; Intel Mac OS X 10_15_7)"
10.0.0.5 - - [04/Feb/2026:10:31:02 -0800] "HEAD /images/logo.png HTTP/1.1" 302 46820 "-" "python-requests/2.25.1"
192.168.1.1 - - [02/Feb/2026:08:21:02 -0800] "DELETE /api/posts HTTP/1.1" 302 34629 "-" "Mozilla/5.0 (Macintosh; Intel Mac OS X 10_15_7)"
172.16.0.10 - - [05/Feb/2026:07:59:02 -0800] "DELETE /index.html HTTP/1.1" 302 11668 "-" "curl/7.64.1"
10.20.30.40 - - [01/Feb/2026:21:20:02 -0800] "DELETE /api/users HTTP/1.1" 404 30144 "-" "Mozilla/5.0 (X11; Linux x86_64)"
10.20.30.40 - - [05/Feb/2026:01:48:02 -0800] "HEAD /checkout HTTP/1.1" 302 11880 "https://google.com" "python-requests/2.25.1"
192.168.100.50 - - [02/Feb/2026:02:38:02 -0800] "HEAD /index.html HTTP/1.1" 201 5532 "https://google.com" "python-requests/2.25.1"
172.16.0.10 - user17 [03/Feb/2026:03:45:02 -0800] "DELETE /about HTTP/1.1" 201 30468 "-" "Mozilla/5.0 (X11; Linux x86_64)"
192.168.1.1 - - [06/Feb/2026:06:49:02 -0800] "POST / HTTP/1.1" 404 5524 "https://google.com" "Mozilla/5.0 (X11; Linux x86_64)"
192.168.100.50 - - [08/Feb/2026:11:58:02 -0800] "PUT /products/1 HTTP/1.1" 301 16862 "https://google.com" "curl/7.64.1"
172.16.0.10 - - [06/Feb/2026:23:05:02 -0800] "DELETE /api/users HTTP/1.1" 204 47667 "-" "Mozilla/5.0 (X11; Linux x86_64)"
203.0.113.42 - user74 [05/Feb/2026:07:36:02 -0800] "PUT /contact HTTP/1.1" 200 25084 "https://google.com" "curl/7.64.1"
10.0.0.5 - - [03/Feb/2026:13:07:02 -0800] "DELETE /index.html HTTP/1.1" 403 16788 "https://google.com" "Mozilla/5.0 (Macintosh; Intel Mac OS X 10_15_7)"
198.51.100.8 - - [02/Feb/2026:22:25:02 -0800] "PUT /script.js HTTP/1.1" 204 13598 "-" "curl/7.64.1"
10.20.30.40 - - [06/Feb/2026:10:05:02 -0800] "GET / HTTP/1.1" 201 30264 "-" "curl/7.64.1"
198.51.100.8 - - [02/Feb/2026:21:16:02 -0800] "DELETE /checkout HTTP/1.1" 200 28412 "https://google.com" "python-requests/2.25.1"
10.0.0.5 - user56 [06/Feb/2026:01:15:02 -0800] "POST / HTTP/1.1" 500 45864 "https://google.com" "Mozilla/5.0 (Macintosh; Intel Mac OS X 10_15_7)"
10.0.0.5 - - [01/Feb/2026:13:09:02 -0800] "DELETE /contact HTTP/1.1" 204 12002 "-" "Mozilla/5.0 (Windows NT 10.0; Win64; x64)"
198.51.100.8 - - [08/Feb/2026:09:44:02 -0800] "DELETE /contact HTTP/1.1" 502 5760 "https://google.com" "Mozilla/5.0 (X11; Linux x86_64)"
192.168.100.50 - - [08/Feb/2026:03:59:02 -0800] "POST /products HTTP/1.1" 503 30925 "https://google.com" "Mozilla/5.0 (X11; Linux x86_64)"
10.0.0.5 - - [05/Feb/2026:03:43:02 -0800] "POST /index.html HTTP/1.1" 503 997 "-" "Mozilla/5.0 (Windows NT 10.0; Win64; x64)"
172.16.0.10 - - [08/Feb/2026:08:36:02 -0800] "PUT /style.css HTTP/1.1" 200 22597 "https://google.com" "Mozilla/5.0 (Windows NT 10.0; Win64; x64)"
203.0.113.42 - - [01/Feb/2026:23:35:02 -0800] "PUT /products HTTP/1.1" 302 21933 "-" "curl/7.64.1"
192.168.100.50 - - [03/Feb/2026:12:56:02 -0800] "PUT /contact HTTP/1.1" 503 29618 "-" "curl/7.64.1"
10.20.30.40 - - [02/Feb/2026:13:02:02 -0800] "DELETE /style.css HTTP/1.1" 503 48204 "-" "python-requests/2.25.1"
198.51.100.8 - - [03/Feb/2026:14:36:02 -0800] "HEAD /products HTTP/1.1" 302 41741 "-" "curl/7.64.1"
172.16.0.10 - user83 [06/Feb/2026:12:48:02 -0800] "DELETE /products HTTP/1.1" 403 48686 "-" "Mozilla/5.0 (X11; Linux x86_64)"
192.168.100.50 - user45 [07/Feb/2026:16:15:02 -0800] "GET /products/1 HTTP/1.1" 401 5852 "-" "Mozilla/5.0 (X11; Linux x86_64)"
172.16.0.10 - - [01/Feb/2026:20:06:02 -0800] "DELETE /api/posts HTTP/1.1" 400 7998 "-" "Mozilla/5.0 (X11; Linux x86_64)"
203.0.113.42 - user3 [08/Feb/2026:01:37:02 -0800] "PUT /style.css HTTP/1.1" 404 38178 "https://google.com" "Mozilla/5.0 (Windows NT 10.0; Win64; x64)"
192.0.2.15 - - [07/Feb/2026:03:12:02 -0800] "GET /script.js HTTP/1.1" 403 44421 "https://google.com" "Mozilla/5.0 (Macintosh; Intel Mac OS X 10_15_7)"
203.0.113.42 - - [07/Feb/2026:04:22:02 -0800] "PUT / HTTP/1.1" 401 26096 "-" "Mozilla/5.0 (X11; Linux x86_64)"
10.20.30.40 - - [04/Feb/2026:18:11:02 -0800] "DELETE / HTTP/1.1" 503 19316 "-" "python-requests/2.25.1"
10.20.30.40 - - [04/Feb/2026:13:18:02 -0800] "POST /login HTTP/1.1" 400 44814 "-" "python-requests/2.25.1"
10.20.30.40 - - [08/Feb/2026:00:47:02 -0800] "POST /contact HTTP/1.1" 201 17001 "https://google.com" "Mozilla/5.0 (Windows NT 10.0; Win64; x64)"
192.168.100.50 - - [04/Feb/2026:15:56:02 -0800] "DELETE /checkout HTTP/1.1" 200 29144 "https://google.com" "Mozilla/5.0 (Macintosh; Intel Mac OS X 10_15_7)"
192.168.1.1 - - [01/Feb/2026:19:37:02 -0800] "GET /index.html HTTP/1.1" 302 20976 "-" "curl/7.64.1"
10.20.30.40 - - [07/Feb/2026:18:48:02 -0800] "HEAD /products HTTP/1.1" 403 8074 "-" "python-requests/2.25.1"
192.0.2.15 - - [04/Feb/2026:10:55:02 -0800] "POST /api/users HTTP/1.1" 302 35846 "https://google.com" "Mozilla/5.0 (X11; Linux x86_64)"
203.0.113.42 - - [04/Feb/2026:03:48:02 -0800] "POST /index.html HTTP/1.1" 401 37489 "https://google.com" "Mozilla/5.0 (X11; Linux x86_64)"
192.0.2.15 - - [04/Feb/2026:11:51:02 -0800] "HEAD /products HTTP/1.1" 502 29190 "-" "Mozilla/5.0 (Macintosh; Intel Mac OS X 10_15_7)"
198.51.100.8 - user77 [03/Feb/2026:14:24:02 -0800] "GET /about HTTP/1.1" 204 35886 "https://google.com" "Mozilla/5.0 (Macintosh; Intel Mac OS X 10_15_7)"
192.168.100.50 - user27 [07/Feb/2026:05:46:02 -0800] "GET /products HTTP/1.1" 400 36179 "https://google.com" "Mozilla/5.0 (X11; Linux x86_64)"
10.20.30.40 - user3 [06/Feb/2026:00:45:02 -0800] "HEAD /about HTTP/1.1" 404 31173 "-" "python-requests/2.25.1"
192.168.100.50 - - [05/Feb/2026:23:32:02 -0800] "GET /api/posts HTTP/1.1" 403 20335 "https://google.com" "Mozilla/5.0 (Windows NT 10.0; Win64; x64)"
192.168.1.1 - - [08/Feb/2026:04:26:02 -0800] "DELETE /products/1 HTTP/1.1" 404 25678 "https://google.com" "python-requests/2.25.1"
10.20.30.40 - - [05/Feb/2026:07:19:02 -0800] "DELETE /index.html HTTP/1.1" 500 15207 "https://google.com" "curl/7.64.1"
203.0.113.42 - - [03/Feb/2026:23:03:02 -0800] "GET /checkout HTTP/1.1" 204 23930 "https://google.com" "python-requests/2.25.1"
172.16.0.10 - - [02/Feb/2026:10:46:02 -0800] "POST /login HTTP/1.1" 201 46947 "https://google.com" "curl/7.64.1"
192.168.1.1 - - [07/Feb/2026:23:44:02 -0800] "DELETE /script.js HTTP/1.1" 403 21229 "-" "curl/7.64.1"
10.20.30.40 - - [05/Feb/2026:19:38:02 -0800] "GET /products HTTP/1.1" 302 3142 "https://google.com" "Mozilla/5.0 (Windows NT 10.0; Win64; x64)"
10.0.0.5 - - [07/Feb/2026:11:35:02 -0800] "POST /products HTTP/1.1" 302 40512 "-" "Mozilla/5.0 (X11; Linux x86_64)"
192.168.1.1 - - [06/Feb/2026:19:22:02 -0800] "POST /contact HTTP/1.1" 401 29979 "https://google.com" "python-requests/2.25.1"
10.20.30.40 - - [06/Feb/2026:09:14:02 -0800] "DELETE /login HTTP/1.1" 503 41456 "-" "Mozilla/5.0 (Windows NT 10.0; Win64; x64)"
192.168.100.50 - - [04/Feb/2026:02:50:02 -0800] "HEAD /about HTTP/1.1" 302 44412 "https://google.com" "curl/7.64.1"
203.0.113.42 - - [08/Feb/2026:10:28:02 -0800] "PUT / HTTP/1.1" 200 603 "-" "Mozilla/5.0 (Macintosh; Intel Mac OS X 10_15_7)"
172.16.0.10 - - [05/Feb/2026:08:27:02 -0800] "HEAD /login HTTP/1.1" 301 1553 "https://google.com" "Mozilla/5.0 (X11; Linux x86_64)"
192.168.1.1 - - [08/Feb/2026:11:29:02 -0800] "GET /images/logo.png HTTP/1.1" 503 2553 "-" "python-requests/2.25.1"
10.0.0.5 - - [07/Feb/2026:08:16:02 -0800] "DELETE /products/1 HTTP/1.1" 204 29700 "-" "Mozilla/5.0 (Macintosh; Intel Mac OS X 10_15_7)"
203.0.113.42 - - [02/Feb/2026:21:58:02 -0800] "GET /style.css HTTP/1.1" 503 21503 "https://google.com" "Mozilla/5.0 (X11; Linux x86_64)"
172.16.0.10 - - [04/Feb/2026:05:17:02 -0800] "PUT /checkout HTTP/1.1" 301 12724 "-" "Mozilla/5.0 (Windows NT 10.0; Win64; x64)"
192.168.100.50 - - [08/Feb/2026:00:11:02 -0800] "GET /admin HTTP/1.1" 200 28615 "-" "Mozilla/5.0 (Macintosh; Intel Mac OS X 10_15_7)"
192.168.100.50 - - [06/Feb/2026:04:57:02 -0800] "DELETE /style.css HTTP/1.1" 200 29763 "-" "Mozilla/5.0 (X11; Linux x86_64)"
192.168.1.1 - - [06/Feb/2026:05:59:02 -0800] "GET /admin HTTP/1.1" 502 4664 "-" "Mozilla/5.0 (X11; Linux x86_64)"
192.168.100.50 - - [05/Feb/2026:23:51:02 -0800] "DELETE /script.js HTTP/1.1" 400 42950 "-" "curl/7.64.1"
192.168.1.1 - - [06/Feb/2026:13:15:02 -0800] "POST /images/logo.png HTTP/1.1" 400 48622 "https://google.com" "Mozilla/5.0 (Macintosh; Intel Mac OS X 10_15_7)"
203.0.113.42 - - [04/Feb/2026:11:11:02 -0800] "GET / HTTP/1.1" 301 7408 "https://google.com" "Mozilla/5.0 (Macintosh; Intel Mac OS X 10_15_7)"
198.51.100.8 - user14 [01/Feb/2026:20:01:02 -0800] "PUT /script.js HTTP/1.1" 404 45850 "-" "python-requests/2.25.1"
192.168.100.50 - user17 [02/Feb/2026:09:05:02 -0800] "GET / HTTP/1.1" 502 23301 "-" "python-requests/2.25.1"
10.0.0.5 - user14 [02/Feb/2026:14:47:02 -0800] "POST /api/posts HTTP/1.1" 401 771 "https://google.com" "curl/7.64.1"
203.0.113.42 - - [04/Feb/2026:18:53:02 -0800] "DELETE /images/logo.png HTTP/1.1" 400 16983 "-" "Mozilla/5.0 (X11; Linux x86_64)"
203.0.113.42 - user56 [03/Feb/2026:03:53:02 -0800] "HEAD /style.css HTTP/1.1" 301 4580 "-" "python-requests/2.25.1"
192.168.1.1 - - [04/Feb/2026:00:59:02 -0800] "DELETE /admin HTTP/1.1" 404 19863 "-" "Mozilla/5.0 (X11; Linux x86_64)"
203.0.113.42 - - [08/Feb/2026:07:51:02 -0800] "POST /products HTTP/1.1" 204 30707 "https://google.com" "Mozilla/5.0 (Macintosh; Intel Mac OS X 10_15_7)"
203.0.113.42 - user94 [07/Feb/2026:05:37:02 -0800] "PUT /products HTTP/1.1" 301 31649 "-" "Mozilla/5.0 (Windows NT 10.0; Win64; x64)"
192.168.1.1 - - [07/Feb/2026:17:29:02 -0800] "DELETE /about HTTP/1.1" 200 31936 "https://google.com" "Mozilla/5.0 (X11; Linux x86_64)"
10.0.0.5 - user49 [01/Feb/2026:20:50:02 -0800] "PUT /about HTTP/1.1" 502 7367 "-" "python-requests/2.25.1"
10.20.30.40 - - [05/Feb/2026:02:49:02 -0800] "PUT /products HTTP/1.1" 502 35779 "https://google.com" "Mozilla/5.0 (Windows NT 10.0; Win64; x64)"
203.0.113.42 - user15 [05/Feb/2026:20:51:02 -0800] "HEAD /script.js HTTP/1.1" 404 43118 "-" "Mozilla/5.0 (Macintosh; Intel Mac OS X 10_15_7)"
10.20.30.40 - - [07/Feb/2026:19:42:02 -0800] "PUT /index.html HTTP/1.1" 201 36847 "-" "Mozilla/5.0 (Windows NT 10.0; Win64; x64)"
203.0.113.42 - - [05/Feb/2026:20:28:02 -0800] "PUT /api/users HTTP/1.1" 503 36074 "-" "python-requests/2.25.1"
172.16.0.10 - - [07/Feb/2026:16:23:02 -0800] "DELETE / HTTP/1.1" 204 6327 "-" "python-requests/2.25.1"
203.0.113.42 - - [01/Feb/2026:18:25:02 -0800] "HEAD /api/posts HTTP/1.1" 400 34735 "-" "Mozilla/5.0 (X11; Linux x86_64)"
10.0.0.5 - - [02/Feb/2026:02:52:02 -0800] "PUT /api/users HTTP/1.1" 403 6780 "-" "Mozilla/5.0 (X11; Linux x86_64)"
192.168.100.50 - - [04/Feb/2026:18:35:02 -0800] "HEAD /login HTTP/1.1" 502 22590 "https://google.com" "Mozilla/5.0 (Windows NT 10.0; Win64; x64)"
203.0.113.42 - - [03/Feb/2026:00:03:02 -0800] "DELETE /checkout HTTP/1.1" 502 15823 "-" "Mozilla/5.0 (Windows NT 10.0; Win64; x64)"
10.20.30.40 - - [01/Feb/2026:21:47:02 -0800] "DELETE /admin HTTP/1.1" 403 2891 "-" "Mozilla/5.0 (Macintosh; Intel Mac OS X 10_15_7)"
192.0.2.15 - - [07/Feb/2026:14:16:02 -0800] "DELETE /about HTTP/1.1" 502 27649 "-" "Mozilla/5.0 (X11; Linux x86_64)"
192.168.1.1 - - [04/Feb/2026:10:23:02 -0800] "GET /script.js HTTP/1.1" 404 47282 "https://google.com" "python-requests/2.25.1"
192.168.1.1 - user5 [05/Feb/2026:00:25:02 -0800] "POST /checkout HTTP/1.1" 502 41526 "-" "curl/7.64.1"
172.16.0.10 - - [07/Feb/2026:11:09:02 -0800] "DELETE / HTTP/1.1" 204 12013 "https://google.com" "Mozilla/5.0 (X11; Linux x86_64)"
203.0.113.42 - - [02/Feb/2026:16:43:02 -0800] "HEAD /script.js HTTP/1.1" 204 23563 "-" "Mozilla/5.0 (Macintosh; Intel Mac OS X 10_15_7)"
203.0.113.42 - user70 [07/Feb/2026:13:00:02 -0800] "PUT /checkout HTTP/1.1" 404 9293 "-" "Mozilla/5.0 (Windows NT 10.0; Win64; x64)"
198.51.100.8 - - [08/Feb/2026:01:40:02 -0800] "HEAD /images/logo.png HTTP/1.1" 500 9676 "https://google.com" "Mozilla/5.0 (X11; Linux x86_64)"
192.168.100.50 - - [05/Feb/2026:16:13:02 -0800] "HEAD /products/1 HTTP/1.1" 500 19013 "-" "curl/7.64.1"
192.0.2.15 - user24 [06/Feb/2026:13:15:02 -0800] "HEAD /products HTTP/1.1" 500 38704 "https://google.com" "Mozilla/5.0 (Windows NT 10.0; Win64; x64)"
10.20.30.40 - - [02/Feb/2026:02:15:02 -0800] "POST /api/posts HTTP/1.1" 301 46216 "-" "python-requests/2.25.1"
198.51.100.8 - - [03/Feb/2026:19:41:02 -0800] "PUT /about HTTP/1.1" 400 24857 "https://google.com" "python-requests/2.25.1"
192.0.2.15 - - [03/Feb/2026:07:43:02 -0800] "DELETE /contact HTTP/1.1" 404 47095 "-" "python-requests/2.25.1"
198.51.100.8 - - [06/Feb/2026:18:31:02 -0800] "HEAD /api/posts HTTP/1.1" 201 18793 "-" "Mozilla/5.0 (Macintosh; Intel Mac OS X 10_15_7)"
192.168.1.1 - - [02/Feb/2026:20:52:02 -0800] "POST /style.css HTTP/1.1" 201 28608 "https://google.com" "python-requests/2.25.1"
198.51.100.8 - - [02/Feb/2026:02:58:02 -0800] "HEAD /contact HTTP/1.1" 403 47251 "https://google.com" "Mozilla/5.0 (X11; Linux x86_64)"
192.168.1.1 - - [03/Feb/2026:10:56:02 -0800] "PUT /images/logo.png HTTP/1.1" 404 43807 "-" "Mozilla/5.0 (X11; Linux x86_64)"
198.51.100.8 - - [02/Feb/2026:21:48:02 -0800] "POST /products/1 HTTP/1.1" 204 47273 "https://google.com" "python-requests/2.25.1"
198.51.100.8 - - [05/Feb/2026:06:50:02 -0800] "HEAD /style.css HTTP/1.1" 302 27612 "-" "Mozilla/5.0 (Macintosh; Intel Mac OS X 10_15_7)"
10.20.30.40 - - [07/Feb/2026:06:28:02 -0800] "POST /products HTTP/1.1" 201 14829 "-" "Mozilla/5.0 (Macintosh; Intel Mac OS X 10_15_7)"
192.168.100.50 - - [06/Feb/2026:06:27:02 -0800] "PUT /images/logo.png HTTP/1.1" 401 35143 "https://google.com" "curl/7.64.1"
192.168.100.50 - - [07/Feb/2026:22:01:02 -0800] "PUT /products HTTP/1.1" 200 46102 "https://google.com" "curl/7.64.1"
192.0.2.15 - - [01/Feb/2026:23:52:02 -0800] "POST /about HTTP/1.1" 302 34799 "-" "Mozilla/5.0 (Windows NT 10.0; Win64; x64)"
203.0.113.42 - - [07/Feb/2026:11:52:02 -0800] "DELETE /checkout HTTP/1.1" 404 18574 "https://google.com" "Mozilla/5.0 (Windows NT 10.0; Win64; x64)"
10.20.30.40 - - [03/Feb/2026:01:51:02 -0800] "PUT /contact HTTP/1.1" 200 26356 "https://google.com" "Mozilla/5.0 (X11; Linux x86_64)"
192.0.2.15 - - [06/Feb/2026:05:11:02 -0800] "HEAD /contact HTTP/1.1" 502 21515 "-" "Mozilla/5.0 (X11; Linux x86_64)"
192.0.2.15 - - [07/Feb/2026:20:57:02 -0800] "POST /products/1 HTTP/1.1" 403 42859 "-" "python-requests/2.25.1"
192.0.2.15 - - [01/Feb/2026:21:00:02 -0800] "GET /index.html HTTP/1.1" 500 15217 "https://google.com" "Mozilla/5.0 (Windows NT 10.0; Win64; x64)"
10.0.0.5 - - [01/Feb/2026:19:24:02 -0800] "GET /index.html HTTP/1.1" 204 1291 "https://google.com" "Mozilla/5.0 (Macintosh; Intel Mac OS X 10_15_7)"
192.168.1.1 - - [03/Feb/2026:13:56:02 -0800] "POST /about HTTP/1.1" 200 2742 "-" "Mozilla/5.0 (Macintosh; Intel Mac OS X 10_15_7)"
10.20.30.40 - - [05/Feb/2026:20:30:02 -0800] "GET /admin HTTP/1.1" 400 36335 "https://google.com" "Mozilla/5.0 (X11; Linux x86_64)"
203.0.113.42 - user69 [03/Feb/2026:19:57:02 -0800] "GET /products/1 HTTP/1.1" 503 12478 "-" "Mozilla/5.0 (X11; Linux x86_64)"
203.0.113.42 - user93 [02/Feb/2026:19:45:02 -0800] "POST /script.js HTTP/1.1" 204 3987 "https://google.com" "Mozilla/5.0 (X11; Linux x86_64)"
172.16.0.10 - user46 [01/Feb/2026:18:52:02 -0800] "POST /products HTTP/1.1" 403 18219 "-" "Mozilla/5.0 (X11; Linux x86_64)"
192.168.100.50 - - [03/Feb/2026:03:09:02 -0800] "PUT /login HTTP/1.1" 400 402 "-" "curl/7.64.1"
198.51.100.8 - user87 [05/Feb/2026:09:00:02 -0800] "HEAD /index.html HTTP/1.1" 302 30356 "https://google.com" "python-requests/2.25.1"
192.0.2.15 - user8 [07/Feb/2026:01:46:02 -0800] "PUT /index.html HTTP/1.1" 503 45546 "-" "curl/7.64.1"
192.168.100.50 - - [01/Feb/2026:18:36:02 -0800] "HEAD /checkout HTTP/1.1" 200 44555 "-" "Mozilla/5.0 (Windows NT 10.0; Win64; x64)"
192.168.100.50 - user24 [04/Feb/2026:07:02:02 -0800] "HEAD /style.css HTTP/1.1" 204 19980 "-" "curl/7.64.1"
10.20.30.40 - - [05/Feb/2026:17:28:02 -0800] "HEAD /images/logo.png HTTP/1.1" 400 22060 "-" "Mozilla/5.0 (Macintosh; Intel Mac OS X 10_15_7)"
192.0.2.15 - user34 [06/Feb/2026:16:57:02 -0800] "GET /images/logo.png HTTP/1.1" 201 27497 "-" "curl/7.64.1"
192.168.100.50 - user58 [07/Feb/2026:13:20:02 -0800] "PUT /login HTTP/1.1" 400 49972 "https://google.com" "Mozilla/5.0 (Windows NT 10.0; Win64; x64)"
192.168.100.50 - - [05/Feb/2026:04:42:02 -0800] "POST /style.css HTTP/1.1" 400 38095 "-" "Mozilla/5.0 (Macintosh; Intel Mac OS X 10_15_7)"
10.0.0.5 - - [07/Feb/2026:02:52:02 -0800] "GET /style.css HTTP/1.1" 400 48733 "https://google.com" "python-requests/2.25.1"
203.0.113.42 - - [08/Feb/2026:01:10:02 -0800] "GET /api/users HTTP/1.1" 204 8269 "https://google.com" "Mozilla/5.0 (Macintosh; Intel Mac OS X 10_15_7)"
172.16.0.10 - - [07/Feb/2026:12:31:02 -0800] "PUT /api/posts HTTP/1.1" 204 23156 "https://google.com" "curl/7.64.1"
10.0.0.5 - - [07/Feb/2026:09:46:02 -0800] "HEAD /about HTTP/1.1" 500 20873 "-" "Mozilla/5.0 (Windows NT 10.0; Win64; x64)"
192.168.1.1 - - [03/Feb/2026:02:57:02 -0800] "POST /products HTTP/1.1" 503 8001 "-" "python-requests/2.25.1"
172.16.0.10 - - [07/Feb/2026:11:01:02 -0800] "DELETE /about HTTP/1.1" 400 20586 "https://google.com" "Mozilla/5.0 (Macintosh; Intel Mac OS X 10_15_7)"
192.168.100.50 - - [05/Feb/2026:01:12:02 -0800] "DELETE /checkout HTTP/1.1" 204 19401 "https://google.com" "Mozilla/5.0 (Windows NT 10.0; Win64; x64)"
10.0.0.5 - user92 [06/Feb/2026:02:06:02 -0800] "DELETE / HTTP/1.1" 500 16469 "-" "python-requests/2.25.1"
172.16.0.10 - - [04/Feb/2026:13:34:02 -0800] "POST /login HTTP/1.1" 302 22119 "https://google.com" "Mozilla/5.0 (Macintosh; Intel Mac OS X 10_15_7)"
172.16.0.10 - - [06/Feb/2026:19:37:02 -0800] "PUT /contact HTTP/1.1" 201 15065 "https://google.com" "curl/7.64.1"
192.0.2.15 - - [06/Feb/2026:01:42:02 -0800] "GET /checkout HTTP/1.1" 401 33892 "-" "python-requests/2.25.1"
10.20.30.40 - user81 [04/Feb/2026:00:31:02 -0800] "GET /checkout HTTP/1.1" 302 48359 "https://google.com" "Mozilla/5.0 (Macintosh; Intel Mac OS X 10_15_7)"
192.0.2.15 - - [07/Feb/2026:02:26:02 -0800] "PUT /login HTTP/1.1" 502 32503 "https://google.com" "curl/7.64.1"
192.168.100.50 - - [03/Feb/2026:02:59:02 -0800] "HEAD /contact HTTP/1.1" 500 3434 "https://google.com" "Mozilla/5.0 (Macintosh; Intel Mac OS X 10_15_7)"
192.168.100.50 - - [02/Feb/2026:01:20:02 -0800] "DELETE /contact HTTP/1.1" 200 17355 "-" "Mozilla/5.0 (Windows NT 10.0; Win64; x64)"
192.0.2.15 - - [03/Feb/2026:08:39:02 -0800] "GET /contact HTTP/1.1" 401 45564 "https://google.com" "python-requests/2.25.1"
10.20.30.40 - - [02/Feb/2026:03:25:02 -0800] "PUT /style.css HTTP/1.1" 204 1031 "-" "curl/7.64.1"
192.0.2.15 - - [06/Feb/2026:14:46:02 -0800] "PUT /admin HTTP/1.1" 204 27339 "-" "python-requests/2.25.1"
192.168.100.50 - user78 [02/Feb/2026:04:54:02 -0800] "PUT /products HTTP/1.1" 201 5716 "-" "Mozilla/5.0 (X11; Linux x86_64)"
192.168.100.50 - user72 [05/Feb/2026:18:38:02 -0800] "HEAD /style.css HTTP/1.1" 503 18538 "https://google.com" "python-requests/2.25.1"
203.0.113.42 - user2 [03/Feb/2026:13:04:02 -0800] "GET /checkout HTTP/1.1" 200 20352 "https://google.com" "Mozilla/5.0 (Macintosh; Intel Mac OS X 10_15_7)"
192.168.100.50 - - [02/Feb/2026:01:16:02 -0800] "GET /api/users HTTP/1.1" 400 17881 "https://google.com" "Mozilla/5.0 (Macintosh; Intel Mac OS X 10_15_7)"
10.20.30.40 - user58 [07/Feb/2026:16:39:02 -0800] "PUT /images/logo.png HTTP/1.1" 301 38365 "https://google.com" "curl/7.64.1"
192.168.100.50 - - [07/Feb/2026:00:36:02 -0800] "POST /login HTTP/1.1" 404 20420 "-" "curl/7.64.1"
198.51.100.8 - - [06/Feb/2026:12:46:02 -0800] "DELETE /products/1 HTTP/1.1" 503 40663 "https://google.com" "curl/7.64.1"
172.16.0.10 - - [04/Feb/2026:18:49:02 -0800] "POST /products HTTP/1.1" 503 15749 "https://google.com" "Mozilla/5.0 (Windows NT 10.0; Win64; x64)"
192.168.100.50 - - [07/Feb/2026:05:27:02 -0800] "HEAD /style.css HTTP/1.1" 500 6423 "-" "Mozilla/5.0 (Windows NT 10.0; Win64; x64)"
10.0.0.5 - - [08/Feb/2026:05:44:02 -0800] "GET /index.html HTTP/1.1" 201 3772 "https://google.com" "python-requests/2.25.1"
203.0.113.42 - - [02/Feb/2026:07:35:02 -0800] "DELETE /login HTTP/1.1" 403 18575 "-" "Mozilla/5.0 (X11; Linux x86_64)"
198.51.100.8 - - [05/Feb/2026:07:07:02 -0800] "HEAD /index.html HTTP/1.1" 403 1359 "-" "Mozilla/5.0 (Windows NT 10.0; Win64; x64)"
10.20.30.40 - user21 [04/Feb/2026:05:47:02 -0800] "DELETE /api/posts HTTP/1.1" 204 18170 "https://google.com" "curl/7.64.1"
192.168.100.50 - - [07/Feb/2026:22:58:02 -0800] "HEAD /checkout HTTP/1.1" 302 1449 "https://google.com" "curl/7.64.1"
192.168.1.1 - - [05/Feb/2026:16:32:02 -0800] "POST /products/1 HTTP/1.1" 502 30833 "-" "Mozilla/5.0 (Macintosh; Intel Mac OS X 10_15_7)"
192.0.2.15 - - [05/Feb/2026:18:06:02 -0800] "DELETE /login HTTP/1.1" 201 49653 "-" "Mozilla/5.0 (X11; Linux x86_64)"
10.0.0.5 - - [05/Feb/2026:16:31:02 -0800] "GET /about HTTP/1.1" 503 35600 "-" "Mozilla/5.0 (Macintosh; Intel Mac OS X 10_15_7)"
192.168.100.50 - - [05/Feb/2026:06:44:02 -0800] "GET /checkout HTTP/1.1" 201 32165 "https://google.com" "python-requests/2.25.1"
198.51.100.8 - - [03/Feb/2026:12:47:02 -0800] "HEAD /index.html HTTP/1.1" 404 29133 "-" "curl/7.64.1"
198.51.100.8 - - [05/Feb/2026:00:29:02 -0800] "DELETE /products HTTP/1.1" 502 38362 "-" "curl/7.64.1"
192.0.2.15 - - [02/Feb/2026:14:47:02 -0800] "HEAD /admin HTTP/1.1" 500 47853 "https://google.com" "Mozilla/5.0 (Macintosh; Intel Mac OS X 10_15_7)"
10.0.0.5 - - [03/Feb/2026:03:43:02 -0800] "PUT / HTTP/1.1" 500 18148 "-" "Mozilla/5.0 (Windows NT 10.0; Win64; x64)"
203.0.113.42 - - [02/Feb/2026:19:38:02 -0800] "HEAD /about HTTP/1.1" 503 27182 "-" "python-requests/2.25.1"
172.16.0.10 - - [05/Feb/2026:05:04:02 -0800] "HEAD /index.html HTTP/1.1" 403 30993 "https://google.com" "Mozilla/5.0 (X11; Linux x86_64)"
203.0.113.42 - - [04/Feb/2026:04:19:02 -0800] "HEAD /api/posts HTTP/1.1" 401 2023 "https://google.com" "Mozilla/5.0 (X11; Linux x86_64)"
192.0.2.15 - user48 [04/Feb/2026:00:53:02 -0800] "PUT /api/users HTTP/1.1" 201 26392 "-" "Mozilla/5.0 (Macintosh; Intel Mac OS X 10_15_7)"
10.20.30.40 - user97 [05/Feb/2026:20:00:02 -0800] "PUT /contact HTTP/1.1" 500 1566 "https://google.com" "curl/7.64.1"
10.20.30.40 - user84 [01/Feb/2026:21:25:02 -0800] "DELETE /about HTTP/1.1" 200 21867 "https://google.com" "python-requests/2.25.1"
192.168.1.1 - user82 [07/Feb/2026:19:53:02 -0800] "HEAD /admin HTTP/1.1" 500 12399 "-" "Mozilla/5.0 (Macintosh; Intel Mac OS X 10_15_7)"
192.168.1.1 - - [07/Feb/2026:09:06:02 -0800] "GET /products/1 HTTP/1.1" 201 27339 "-" "Mozilla/5.0 (Windows NT 10.0; Win64; x64)"
10.20.30.40 - - [02/Feb/2026:11:05:02 -0800] "DELETE /api/users HTTP/1.1" 503 24578 "https://google.com" "curl/7.64.1"
192.168.100.50 - user86 [04/Feb/2026:23:59:02 -0800] "DELETE /products/1 HTTP/1.1" 400 46365 "https://google.com" "Mozilla/5.0 (Macintosh; Intel Mac OS X 10_15_7)"
192.0.2.15 - - [04/Feb/2026:17:30:02 -0800] "GET /about HTTP/1.1" 503 35710 "-" "Mozilla/5.0 (Macintosh; Intel Mac OS X 10_15_7)"
192.0.2.15 - - [04/Feb/2026:11:33:02 -0800] "GET /checkout HTTP/1.1" 200 25583 "-" "curl/7.64.1"
198.51.100.8 - - [08/Feb/2026:04:06:02 -0800] "DELETE /login HTTP/1.1" 201 8111 "https://google.com" "Mozilla/5.0 (Windows NT 10.0; Win64; x64)"
198.51.100.8 - user95 [05/Feb/2026:12:56:02 -0800] "PUT /products HTTP/1.1" 403 34936 "-" "Mozilla/5.0 (Macintosh; Intel Mac OS X 10_15_7)"
198.51.100.8 - - [01/Feb/2026:18:41:02 -0800] "HEAD /products/1 HTTP/1.1" 400 3227 "-" "Mozilla/5.0 (Windows NT 10.0; Win64; x64)"
203.0.113.42 - - [06/Feb/2026:13:00:02 -0800] "HEAD /script.js HTTP/1.1" 403 30522 "https://google.com" "python-requests/2.25.1"
192.0.2.15 - user23 [04/Feb/2026:18:57:02 -0800] "GET / HTTP/1.1" 204 46495 "-" "python-requests/2.25.1"
192.168.100.50 - - [08/Feb/2026:12:06:02 -0800] "GET / HTTP/1.1" 302 15905 "https://google.com" "curl/7.64.1"
203.0.113.42 - - [04/Feb/2026:05:50:02 -0800] "POST /admin HTTP/1.1" 302 23340 "https://google.com" "Mozilla/5.0 (Windows NT 10.0; Win64; x64)"
192.168.1.1 - - [04/Feb/2026:18:12:02 -0800] "GET /script.js HTTP/1.1" 204 39459 "https://google.com" "python-requests/2.25.1"
192.168.100.50 - user27 [07/Feb/2026:03:16:02 -0800] "DELETE /login HTTP/1.1" 302 31003 "-" "Mozilla/5.0 (Windows NT 10.0; Win64; x64)"
192.0.2.15 - user15 [07/Feb/2026:21:40:02 -0800] "PUT /index.html HTTP/1.1" 302 19200 "-" "Mozilla/5.0 (Windows NT 10.0; Win64; x64)"
192.168.1.1 - - [04/Feb/2026:00:40:02 -0800] "DELETE /checkout HTTP/1.1" 302 5783 "https://google.com" "curl/7.64.1"
10.0.0.5 - - [08/Feb/2026:03:14:02 -0800] "POST /products/1 HTTP/1.1" 503 24611 "-" "Mozilla/5.0 (Windows NT 10.0; Win64; x64)"
172.16.0.10 - user14 [03/Feb/2026:12:41:02 -0800] "POST /images/logo.png HTTP/1.1" 200 30672 "-" "Mozilla/5.0 (Macintosh; Intel Mac OS X 10_15_7)"
203.0.113.42 - - [08/Feb/2026:02:46:02 -0800] "PUT /script.js HTTP/1.1" 204 46898 "https://google.com" "Mozilla/5.0 (Windows NT 10.0; Win64; x64)"
192.168.1.1 - - [06/Feb/2026:03:42:02 -0800] "POST /products/1 HTTP/1.1" 500 17822 "https://google.com" "Mozilla/5.0 (X11; Linux x86_64)"
172.16.0.10 - - [03/Feb/2026:17:44:02 -0800] "HEAD /api/posts HTTP/1.1" 401 21518 "-" "Mozilla/5.0 (X11; Linux x86_64)"
192.168.100.50 - - [08/Feb/2026:00:46:02 -0800] "PUT /images/logo.png HTTP/1.1" 502 10600 "https://google.com" "Mozilla/5.0 (Windows NT 10.0; Win64; x64)"
192.0.2.15 - user21 [05/Feb/2026:14:55:02 -0800] "GET /api/users HTTP/1.1" 201 29265 "-" "Mozilla/5.0 (Windows NT 10.0; Win64; x64)"
192.168.1.1 - user99 [04/Feb/2026:09:37:02 -0800] "HEAD /products HTTP/1.1" 200 4482 "-" "Mozilla/5.0 (Macintosh; Intel Mac OS X 10_15_7)"
203.0.113.42 - - [07/Feb/2026:11:56:02 -0800] "POST /api/posts HTTP/1.1" 503 39651 "-" "Mozilla/5.0 (X11; Linux x86_64)"
203.0.113.42 - user43 [04/Feb/2026:04:47:02 -0800] "POST /contact HTTP/1.1" 301 21274 "-" "Mozilla/5.0 (Windows NT 10.0; Win64; x64)"
192.0.2.15 - - [08/Feb/2026:02:23:02 -0800] "HEAD / HTTP/1.1" 302 43720 "-" "Mozilla/5.0 (Windows NT 10.0; Win64; x64)"
192.168.100.50 - - [03/Feb/2026:14:16:02 -0800] "DELETE /api/users HTTP/1.1" 401 6550 "-" "Mozilla/5.0 (X11; Linux x86_64)"
192.0.2.15 - - [04/Feb/2026:21:26:02 -0800] "PUT /api/posts HTTP/1.1" 400 6011 "-" "python-requests/2.25.1"
192.168.1.1 - user83 [07/Feb/2026:17:14:02 -0800] "DELETE /products/1 HTTP/1.1" 403 35712 "-" "Mozilla/5.0 (Windows NT 10.0; Win64; x64)"
10.20.30.40 - - [01/Feb/2026:19:33:02 -0800] "POST /checkout HTTP/1.1" 302 27317 "https://google.com" "Mozilla/5.0 (Windows NT 10.0; Win64; x64)"
192.168.100.50 - - [03/Feb/2026:13:28:02 -0800] "POST / HTTP/1.1" 400 44331 "https://google.com" "Mozilla/5.0 (X11; Linux x86_64)"
203.0.113.42 - - [02/Feb/2026:05:03:02 -0800] "PUT /api/users HTTP/1.1" 400 48228 "-" "python-requests/2.25.1"
192.168.1.1 - - [01/Feb/2026:17:05:02 -0800] "PUT /index.html HTTP/1.1" 500 31492 "-" "Mozilla/5.0 (Windows NT 10.0; Win64; x64)"
198.51.100.8 - - [04/Feb/2026:18:39:02 -0800] "POST /about HTTP/1.1" 200 26860 "-" "curl/7.64.1"
10.0.0.5 - - [04/Feb/2026:21:25:02 -0800] "HEAD /index.html HTTP/1.1" 500 22838 "https://google.com" "Mozilla/5.0 (Macintosh; Intel Mac OS X 10_15_7)"
192.168.1.1 - user0 [05/Feb/2026:05:23:02 -0800] "HEAD /login HTTP/1.1" 200 20131 "-" "python-requests/2.25.1"
198.51.100.8 - - [05/Feb/2026:11:55:02 -0800] "HEAD /api/posts HTTP/1.1" 201 37245 "-" "Mozilla/5.0 (Windows NT 10.0; Win64; x64)"
10.0.0.5 - - [02/Feb/2026:13:13:02 -0800] "HEAD /about HTTP/1.1" 204 31561 "https://google.com" "Mozilla/5.0 (X11; Linux x86_64)"
192.0.2.15 - - [06/Feb/2026:07:33:02 -0800] "HEAD /script.js HTTP/1.1" 302 11816 "-" "Mozilla/5.0 (Macintosh; Intel Mac OS X 10_15_7)"
192.168.1.1 - - [03/Feb/2026:23:38:02 -0800] "PUT / HTTP/1.1" 204 23507 "-" "Mozilla/5.0 (X11; Linux x86_64)"
192.168.1.1 - - [04/Feb/2026:08:09:02 -0800] "POST /contact HTTP/1.1" 400 25535 "-" "Mozilla/5.0 (Macintosh; Intel Mac OS X 10_15_7)"
192.0.2.15 - - [03/Feb/2026:07:36:02 -0800] "HEAD /products/1 HTTP/1.1" 502 45633 "-" "python-requests/2.25.1"
172.16.0.10 - - [04/Feb/2026:02:54:02 -0800] "GET /admin HTTP/1.1" 404 47149 "https://google.com" "Mozilla/5.0 (X11; Linux x86_64)"
198.51.100.8 - - [03/Feb/2026:01:20:02 -0800] "DELETE /api/posts HTTP/1.1" 403 5714 "-" "Mozilla/5.0 (Windows NT 10.0; Win64; x64)"
203.0.113.42 - user99 [02/Feb/2026:15:31:02 -0800] "POST /images/logo.png HTTP/1.1" 302 34635 "https://google.com" "Mozilla/5.0 (Macintosh; Intel Mac OS X 10_15_7)"
10.20.30.40 - - [02/Feb/2026:07:11:02 -0800] "POST /contact HTTP/1.1" 204 11732 "https://google.com" "python-requests/2.25.1"
10.0.0.5 - - [07/Feb/2026:03:40:02 -0800] "HEAD /api/posts HTTP/1.1" 201 10025 "-" "curl/7.64.1"
192.168.100.50 - user82 [08/Feb/2026:01:29:02 -0800] "POST /contact HTTP/1.1" 204 1682 "https://google.com" "Mozilla/5.0 (Windows NT 10.0; Win64; x64)"
10.20.30.40 - - [05/Feb/2026:22:53:02 -0800] "PUT /index.html HTTP/1.1" 201 1259 "https://google.com" "Mozilla/5.0 (Macintosh; Intel Mac OS X 10_15_7)"
172.16.0.10 - user84 [06/Feb/2026:04:27:02 -0800] "DELETE /index.html HTTP/1.1" 500 36341 "-" "Mozilla/5.0 (Windows NT 10.0; Win64; x64)"
10.20.30.40 - - [01/Feb/2026:19:25:02 -0800] "POST /checkout HTTP/1.1" 401 13565 "-" "curl/7.64.1"
192.0.2.15 - user36 [03/Feb/2026:08:52:02 -0800] "DELETE /index.html HTTP/1.1" 301 44481 "-" "python-requests/2.25.1"
198.51.100.8 - - [04/Feb/2026:21:31:02 -0800] "PUT /api/posts HTTP/1.1" 502 43754 "https://google.com" "Mozilla/5.0 (Macintosh; Intel Mac OS X 10_15_7)"
10.0.0.5 - - [08/Feb/2026:09:42:02 -0800] "PUT /api/users HTTP/1.1" 302 40561 "https://google.com" "Mozilla/5.0 (Macintosh; Intel Mac OS X 10_15_7)"
172.16.0.10 - - [05/Feb/2026:01:45:02 -0800] "HEAD /checkout HTTP/1.1" 301 26137 "https://google.com" "Mozilla/5.0 (X11; Linux x86_64)"
192.168.1.1 - user79 [06/Feb/2026:04:59:02 -0800] "POST /api/posts HTTP/1.1" 200 17985 "-" "python-requests/2.25.1"
172.16.0.10 - - [08/Feb/2026:03:00:02 -0800] "PUT /about HTTP/1.1" 502 45020 "-" "Mozilla/5.0 (X11; Linux x86_64)"
198.51.100.8 - user27 [04/Feb/2026:00:34:02 -0800] "GET / HTTP/1.1" 301 24233 "-" "python-requests/2.25.1"
10.0.0.5 - - [04/Feb/2026:04:04:02 -0800] "GET /admin HTTP/1.1" 302 45826 "https://google.com" "Mozilla/5.0 (X11; Linux x86_64)"
198.51.100.8 - - [05/Feb/2026:22:23:02 -0800] "PUT /login HTTP/1.1" 301 25506 "-" "Mozilla/5.0 (Macintosh; Intel Mac OS X 10_15_7)"
10.20.30.40 - - [04/Feb/2026:11:41:02 -0800] "DELETE /contact HTTP/1.1" 401 3903 "https://google.com" "Mozilla/5.0 (Macintosh; Intel Mac OS X 10_15_7)"
192.168.1.1 - - [05/Feb/2026:04:25:02 -0800] "PUT /checkout HTTP/1.1" 201 35429 "-" "Mozilla/5.0 (Macintosh; Intel Mac OS X 10_15_7)"
10.20.30.40 - - [05/Feb/2026:05:27:02 -0800] "DELETE /images/logo.png HTTP/1.1" 503 10181 "-" "Mozilla/5.0 (X11; Linux x86_64)"
192.168.1.1 - - [06/Feb/2026:04:18:02 -0800] "POST /products HTTP/1.1" 503 10879 "-" "Mozilla/5.0 (Macintosh; Intel Mac OS X 10_15_7)"
192.168.100.50 - - [04/Feb/2026:10:20:02 -0800] "HEAD /api/users HTTP/1.1" 302 47590 "-" "Mozilla/5.0 (X11; Linux x86_64)"
203.0.113.42 - - [08/Feb/2026:02:40:02 -0800] "GET /index.html HTTP/1.1" 503 45101 "-" "python-requests/2.25.1"
192.168.100.50 - - [07/Feb/2026:07:50:02 -0800] "POST /style.css HTTP/1.1" 201 47435 "https://google.com" "Mozilla/5.0 (X11; Linux x86_64)"
203.0.113.42 - - [07/Feb/2026:08:13:02 -0800] "PUT /checkout HTTP/1.1" 503 6464 "-" "Mozilla/5.0 (Windows NT 10.0; Win64; x64)"
192.168.100.50 - - [01/Feb/2026:20:26:02 -0800] "PUT /api/users HTTP/1.1" 204 36724 "-" "Mozilla/5.0 (X11; Linux x86_64)"
192.0.2.15 - - [02/Feb/2026:17:31:02 -0800] "PUT /index.html HTTP/1.1" 301 28297 "https://google.com" "Mozilla/5.0 (X11; Linux x86_64)"
198.51.100.8 - - [07/Feb/2026:08:47:02 -0800] "GET /api/posts HTTP/1.1" 204 40512 "https://google.com" "curl/7.64.1"
192.168.100.50 - - [01/Feb/2026:18:00:02 -0800] "POST /about HTTP/1.1" 400 6018 "-" "Mozilla/5.0 (X11; Linux x86_64)"
10.20.30.40 - user23 [04/Feb/2026:04:52:02 -0800] "POST /images/logo.png HTTP/1.1" 401 1258 "https://google.com" "Mozilla/5.0 (Windows NT 10.0; Win64; x64)"
192.168.100.50 - - [06/Feb/2026:06:16:02 -0800] "POST /about HTTP/1.1" 204 30514 "-" "curl/7.64.1"
192.168.100.50 - - [07/Feb/2026:03:27:02 -0800] "DELETE /products HTTP/1.1" 503 19616 "-" "python-requests/2.25.1"
198.51.100.8 - - [06/Feb/2026:06:25:02 -0800] "HEAD /login HTTP/1.1" 302 4385 "-" "curl/7.64.1"
192.168.100.50 - - [06/Feb/2026:11:40:02 -0800] "GET /script.js HTTP/1.1" 500 18580 "-" "python-requests/2.25.1"
192.168.100.50 - - [07/Feb/2026:10:51:02 -0800] "POST /contact HTTP/1.1" 200 37226 "-" "Mozilla/5.0 (Windows NT 10.0; Win64; x64)"
172.16.0.10 - - [05/Feb/2026:05:30:02 -0800] "PUT /index.html HTTP/1.1" 502 21253 "https://google.com" "curl/7.64.1"
10.20.30.40 - - [01/Feb/2026:17:48:02 -0800] "DELETE /login HTTP/1.1" 500 35347 "https://google.com" "curl/7.64.1"
10.20.30.40 - - [04/Feb/2026:20:03:02 -0800] "PUT /products/1 HTTP/1.1" 404 37326 "-" "curl/7.64.1"
192.0.2.15 - - [03/Feb/2026:00:19:02 -0800] "PUT /contact HTTP/1.1" 403 32338 "-" "python-requests/2.25.1"
192.168.100.50 - - [07/Feb/2026:03:54:02 -0800] "POST /products/1 HTTP/1.1" 500 13611 "-" "python-requests/2.25.1"
10.0.0.5 - - [04/Feb/2026:00:41:02 -0800] "HEAD /api/users HTTP/1.1" 200 43403 "https://google.com" "python-requests/2.25.1"
198.51.100.8 - user75 [03/Feb/2026:01:41:02 -0800] "GET /api/posts HTTP/1.1" 403 45250 "https://google.com" "Mozilla/5.0 (Macintosh; Intel Mac OS X 10_15_7)"
203.0.113.42 - - [06/Feb/2026:23:00:02 -0800] "POST /login HTTP/1.1" 403 19137 "-" "Mozilla/5.0 (Macintosh; Intel Mac OS X 10_15_7)"
192.0.2.15 - user41 [06/Feb/2026:02:42:02 -0800] "HEAD /api/posts HTTP/1.1" 200 41709 "https://google.com" "Mozilla/5.0 (Windows NT 10.0; Win64; x64)"
10.20.30.40 - - [06/Feb/2026:10:46:02 -0800] "GET /api/users HTTP/1.1" 403 18339 "https://google.com" "curl/7.64.1"
192.168.1.1 - - [01/Feb/2026:17:39:02 -0800] "POST / HTTP/1.1" 404 34594 "-" "curl/7.64.1"
192.0.2.15 - user25 [04/Feb/2026:14:05:02 -0800] "POST /index.html HTTP/1.1" 502 3022 "https://google.com" "Mozilla/5.0 (X11; Linux x86_64)"
192.168.1.1 - - [07/Feb/2026:11:16:02 -0800] "PUT / HTTP/1.1" 302 34356 "https://google.com" "Mozilla/5.0 (Windows NT 10.0; Win64; x64)"
10.0.0.5 - user30 [08/Feb/2026:12:17:02 -0800] "DELETE / HTTP/1.1" 201 30790 "https://google.com" "curl/7.64.1"
192.168.100.50 - - [03/Feb/2026:13:52:02 -0800] "POST /admin HTTP/1.1" 204 11479 "-" "Mozilla/5.0 (X11; Linux x86_64)"
10.0.0.5 - - [05/Feb/2026:08:52:02 -0800] "GET / HTTP/1.1" 503 12013 "-" "Mozilla/5.0 (X11; Linux x86_64)"
10.20.30.40 - user23 [04/Feb/2026:13:47:02 -0800] "PUT /api/users HTTP/1.1" 200 7923 "-" "curl/7.64.1"
192.168.1.1 - user41 [05/Feb/2026:06:46:02 -0800] "PUT /about HTTP/1.1" 404 9879 "-" "Mozilla/5.0 (Windows NT 10.0; Win64; x64)"
172.16.0.10 - - [02/Feb/2026:02:19:02 -0800] "GET / HTTP/1.1" 503 45173 "-" "Mozilla/5.0 (Windows NT 10.0; Win64; x64)"
192.0.2.15 - user65 [04/Feb/2026:11:41:02 -0800] "HEAD /style.css HTTP/1.1" 400 6691 "https://google.com" "curl/7.64.1"
192.168.1.1 - - [06/Feb/2026:16:14:02 -0800] "PUT /images/logo.png HTTP/1.1" 302 20664 "-" "Mozilla/5.0 (Windows NT 10.0; Win64; x64)"
192.168.1.1 - user0 [07/Feb/2026:07:15:02 -0800] "POST /products/1 HTTP/1.1" 503 12112 "-" "curl/7.64.1"
10.20.30.40 - - [02/Feb/2026:05:35:02 -0800] "DELETE /products/1 HTTP/1.1" 204 17874 "https://google.com" "curl/7.64.1"
192.168.1.1 - - [08/Feb/2026:10:12:02 -0800] "PUT /index.html HTTP/1.1" 503 4335 "https://google.com" "python-requests/2.25.1"
10.20.30.40 - - [06/Feb/2026:08:12:02 -0800] "DELETE /admin HTTP/1.1" 400 44536 "-" "Mozilla/5.0 (Windows NT 10.0; Win64; x64)"
172.16.0.10 - - [04/Feb/2026:11:14:02 -0800] "PUT /contact HTTP/1.1" 404 32703 "https://google.com" "Mozilla/5.0 (Macintosh; Intel Mac OS X 10_15_7)"
192.168.1.1 - - [07/Feb/2026:01:14:02 -0800] "PUT /index.html HTTP/1.1" 404 29403 "-" "curl/7.64.1"
192.168.1.1 - - [03/Feb/2026:22:08:02 -0800] "HEAD /style.css HTTP/1.1" 503 11010 "-" "curl/7.64.1"
172.16.0.10 - - [05/Feb/2026:01:40:02 -0800] "HEAD / HTTP/1.1" 302 48056 "https://google.com" "Mozilla/5.0 (Windows NT 10.0; Win64; x64)"
10.20.30.40 - user92 [01/Feb/2026:17:26:02 -0800] "DELETE /api/posts HTTP/1.1" 200 35738 "-" "Mozilla/5.0 (Windows NT 10.0; Win64; x64)"
192.0.2.15 - - [04/Feb/2026:20:52:02 -0800] "HEAD /style.css HTTP/1.1" 404 16151 "https://google.com" "Mozilla/5.0 (Windows NT 10.0; Win64; x64)"
198.51.100.8 - - [02/Feb/2026:19:41:02 -0800] "GET /admin HTTP/1.1" 502 48218 "-" "Mozilla/5.0 (Windows NT 10.0; Win64; x64)"
192.168.100.50 - - [02/Feb/2026:03:18:02 -0800] "POST /checkout HTTP/1.1" 400 43507 "-" "Mozilla/5.0 (X11; Linux x86_64)"
198.51.100.8 - - [04/Feb/2026:20:13:02 -0800] "POST /api/posts HTTP/1.1" 503 27546 "-" "curl/7.64.1"
192.168.100.50 - - [03/Feb/2026:22:32:02 -0800] "HEAD /api/users HTTP/1.1" 401 45906 "-" "python-requests/2.25.1"
10.0.0.5 - user36 [08/Feb/2026:01:45:02 -0800] "POST /contact HTTP/1.1" 302 5288 "https://google.com" "curl/7.64.1"
10.0.0.5 - - [03/Feb/2026:05:56:02 -0800] "HEAD /checkout HTTP/1.1" 403 18439 "-" "Mozilla/5.0 (Macintosh; Intel Mac OS X 10_15_7)"
198.51.100.8 - - [05/Feb/2026:08:54:02 -0800] "GET /products HTTP/1.1" 200 48607 "-" "Mozilla/5.0 (Windows NT 10.0; Win64; x64)"
10.0.0.5 - user94 [05/Feb/2026:17:56:02 -0800] "POST /style.css HTTP/1.1" 400 9328 "-" "Mozilla/5.0 (Macintosh; Intel Mac OS X 10_15_7)"
10.0.0.5 - - [03/Feb/2026:11:44:02 -0800] "PUT /contact HTTP/1.1" 200 19225 "-" "curl/7.64.1"
192.168.1.1 - - [07/Feb/2026:10:53:02 -0800] "PUT /api/posts HTTP/1.1" 500 2983 "https://google.com" "curl/7.64.1"
10.0.0.5 - user99 [03/Feb/2026:01:42:02 -0800] "GET /style.css HTTP/1.1" 302 22853 "https://google.com" "Mozilla/5.0 (X11; Linux x86_64)"
172.16.0.10 - - [06/Feb/2026:17:27:02 -0800] "GET /contact HTTP/1.1" 403 32983 "-" "curl/7.64.1"
10.20.30.40 - - [08/Feb/2026:10:46:02 -0800] "POST /api/users HTTP/1.1" 201 31039 "-" "Mozilla/5.0 (Macintosh; Intel Mac OS X 10_15_7)"
10.0.0.5 - - [06/Feb/2026:20:30:02 -0800] "HEAD /api/users HTTP/1.1" 400 11791 "https://google.com" "Mozilla/5.0 (Windows NT 10.0; Win64; x64)"
192.0.2.15 - - [06/Feb/2026:10:13:02 -0800] "GET /about HTTP/1.1" 503 5748 "-" "Mozilla/5.0 (Windows NT 10.0; Win64; x64)"
10.20.30.40 - user3 [06/Feb/2026:09:00:02 -0800] "DELETE /contact HTTP/1.1" 400 46457 "-" "python-requests/2.25.1"
192.168.100.50 - - [02/Feb/2026:16:19:02 -0800] "GET /contact HTTP/1.1" 401 46643 "https://google.com" "Mozilla/5.0 (Macintosh; Intel Mac OS X 10_15_7)"
192.168.100.50 - - [02/Feb/2026:22:39:02 -0800] "GET /products/1 HTTP/1.1" 404 23004 "https://google.com" "python-requests/2.25.1"
192.168.100.50 - - [02/Feb/2026:00:47:02 -0800] "POST /about HTTP/1.1" 200 40145 "-" "python-requests/2.25.1"
172.16.0.10 - user5 [03/Feb/2026:11:46:02 -0800] "POST /images/logo.png HTTP/1.1" 302 26881 "https://google.com" "Mozilla/5.0 (Windows NT 10.0; Win64; x64)"
192.168.100.50 - user93 [03/Feb/2026:23:12:02 -0800] "HEAD /api/posts HTTP/1.1" 400 4708 "https://google.com" "Mozilla/5.0 (Windows NT 10.0; Win64; x64)"
192.168.1.1 - user47 [07/Feb/2026:13:25:02 -0800] "GET /script.js HTTP/1.1" 200 8643 "https://google.com" "Mozilla/5.0 (Windows NT 10.0; Win64; x64)"
198.51.100.8 - - [01/Feb/2026:16:20:02 -0800] "GET /products HTTP/1.1" 404 14868 "https://google.com" "curl/7.64.1"
10.20.30.40 - - [02/Feb/2026:04:06:02 -0800] "PUT /products/1 HTTP/1.1" 200 31853 "https://google.com" "python-requests/2.25.1"
192.168.1.1 - - [05/Feb/2026:11:09:02 -0800] "POST /products HTTP/1.1" 301 43195 "https://google.com" "curl/7.64.1"
198.51.100.8 - - [08/Feb/2026:12:37:02 -0800] "PUT / HTTP/1.1" 502 28562 "https://google.com" "Mozilla/5.0 (Windows NT 10.0; Win64; x64)"
10.0.0.5 - - [03/Feb/2026:09:35:02 -0800] "POST /about HTTP/1.1" 502 5406 "-" "Mozilla/5.0 (Windows NT 10.0; Win64; x64)"
10.20.30.40 - - [08/Feb/2026:08:19:02 -0800] "PUT /style.css HTTP/1.1" 403 41779 "-" "Mozilla/5.0 (Windows NT 10.0; Win64; x64)"
172.16.0.10 - - [08/Feb/2026:11:10:02 -0800] "GET /index.html HTTP/1.1" 302 41391 "-" "Mozilla/5.0 (Macintosh; Intel Mac OS X 10_15_7)"
192.168.100.50 - - [05/Feb/2026:08:26:02 -0800] "POST /products HTTP/1.1" 204 7238 "-" "Mozilla/5.0 (X11; Linux x86_64)"
198.51.100.8 - - [05/Feb/2026:17:21:02 -0800] "PUT /admin HTTP/1.1" 404 33483 "-" "Mozilla/5.0 (Windows NT 10.0; Win64; x64)"
192.0.2.15 - - [02/Feb/2026:20:42:02 -0800] "DELETE /products/1 HTTP/1.1" 302 35800 "-" "Mozilla/5.0 (X11; Linux x86_64)"
10.20.30.40 - - [04/Feb/2026:07:53:02 -0800] "POST /style.css HTTP/1.1" 500 8038 "-" "python-requests/2.25.1"
10.0.0.5 - - [07/Feb/2026:14:46:02 -0800] "POST /images/logo.png HTTP/1.1" 502 43759 "https://google.com" "python-requests/2.25.1"
192.168.100.50 - - [01/Feb/2026:13:22:02 -0800] "GET /admin HTTP/1.1" 401 7709 "-" "Mozilla/5.0 (Windows NT 10.0; Win64; x64)"
192.0.2.15 - - [08/Feb/2026:05:01:02 -0800] "PUT /contact HTTP/1.1" 502 44118 "https://google.com" "python-requests/2.25.1"
172.16.0.10 - - [03/Feb/2026:00:31:02 -0800] "HEAD /script.js HTTP/1.1" 204 17321 "-" "curl/7.64.1"
172.16.0.10 - - [03/Feb/2026:00:53:02 -0800] "POST /products HTTP/1.1" 201 8032 "-" "Mozilla/5.0 (X11; Linux x86_64)"
198.51.100.8 - - [06/Feb/2026:18:45:02 -0800] "PUT /script.js HTTP/1.1" 403 41615 "https://google.com" "Mozilla/5.0 (Macintosh; Intel Mac OS X 10_15_7)"
10.0.0.5 - - [02/Feb/2026:17:17:02 -0800] "HEAD /products HTTP/1.1" 502 22775 "-" "Mozilla/5.0 (X11; Linux x86_64)"
198.51.100.8 - user59 [07/Feb/2026:10:38:02 -0800] "DELETE /api/users HTTP/1.1" 503 28120 "https://google.com" "python-requests/2.25.1"
203.0.113.42 - - [08/Feb/2026:00:42:02 -0800] "POST /contact HTTP/1.1" 403 31736 "-" "Mozilla/5.0 (X11; Linux x86_64)"
172.16.0.10 - - [06/Feb/2026:18:35:02 -0800] "GET /api/posts HTTP/1.1" 301 16486 "-" "python-requests/2.25.1"
192.0.2.15 - - [07/Feb/2026:13:05:02 -0800] "HEAD /products HTTP/1.1" 302 46231 "https://google.com" "Mozilla/5.0 (X11; Linux x86_64)"
10.0.0.5 - - [05/Feb/2026:11:11:02 -0800] "POST /script.js HTTP/1.1" 400 39014 "-" "curl/7.64.1"
192.168.100.50 - user89 [06/Feb/2026:08:24:02 -0800] "HEAD /checkout HTTP/1.1" 400 43627 "https://google.com" "curl/7.64.1"
10.0.0.5 - - [06/Feb/2026:16:55:02 -0800] "DELETE /about HTTP/1.1" 301 43761 "https://google.com" "curl/7.64.1"
192.168.100.50 - - [08/Feb/2026:00:10:02 -0800] "DELETE /admin HTTP/1.1" 400 5368 "https://google.com" "curl/7.64.1"
203.0.113.42 - - [04/Feb/2026:04:11:02 -0800] "GET /index.html HTTP/1.1" 401 45730 "-" "python-requests/2.25.1"
10.20.30.40 - - [07/Feb/2026:11:12:02 -0800] "PUT /index.html HTTP/1.1" 204 44149 "https://google.com" "Mozilla/5.0 (X11; Linux x86_64)"
10.20.30.40 - - [06/Feb/2026:15:46:02 -0800] "DELETE /login HTTP/1.1" 201 14854 "-" "Mozilla/5.0 (Windows NT 10.0; Win64; x64)"
172.16.0.10 - - [05/Feb/2026:00:11:02 -0800] "HEAD /about HTTP/1.1" 403 30049 "https://google.com" "Mozilla/5.0 (Macintosh; Intel Mac OS X 10_15_7)"
192.168.1.1 - - [07/Feb/2026:04:01:02 -0800] "GET /api/users HTTP/1.1" 404 26363 "https://google.com" "Mozilla/5.0 (Macintosh; Intel Mac OS X 10_15_7)"
192.168.1.1 - - [06/Feb/2026:03:03:02 -0800] "PUT /about HTTP/1.1" 204 49454 "https://google.com" "Mozilla/5.0 (Macintosh; Intel Mac OS X 10_15_7)"
10.20.30.40 - - [02/Feb/2026:07:47:02 -0800] "DELETE /api/users HTTP/1.1" 404 21545 "-" "Mozilla/5.0 (Macintosh; Intel Mac OS X 10_15_7)"
10.20.30.40 - - [07/Feb/2026:23:39:02 -0800] "PUT /script.js HTTP/1.1" 503 13596 "-" "Mozilla/5.0 (X11; Linux x86_64)"
192.168.1.1 - - [02/Feb/2026:02:34:02 -0800] "PUT /checkout HTTP/1.1" 503 7064 "-" "curl/7.64.1"
10.20.30.40 - user78 [02/Feb/2026:16:28:02 -0800] "DELETE /contact HTTP/1.1" 400 31332 "https://google.com" "Mozilla/5.0 (Windows NT 10.0; Win64; x64)"
192.168.100.50 - - [08/Feb/2026:02:04:02 -0800] "HEAD /checkout HTTP/1.1" 503 37815 "-" "Mozilla/5.0 (X11; Linux x86_64)"
10.20.30.40 - - [02/Feb/2026:13:18:02 -0800] "POST /contact HTTP/1.1" 500 18424 "https://google.com" "Mozilla/5.0 (X11; Linux x86_64)"
198.51.100.8 - - [07/Feb/2026:14:28:02 -0800] "HEAD /contact HTTP/1.1" 204 44500 "-" "python-requests/2.25.1"
192.0.2.15 - - [01/Feb/2026:23:36:02 -0800] "PUT /admin HTTP/1.1" 403 13041 "https://google.com" "curl/7.64.1"
198.51.100.8 - - [03/Feb/2026:06:43:02 -0800] "GET /api/posts HTTP/1.1" 404 33092 "https://google.com" "Mozilla/5.0 (Windows NT 10.0; Win64; x64)"
192.0.2.15 - - [04/Feb/2026:05:01:02 -0800] "DELETE /script.js HTTP/1.1" 204 23611 "https://google.com" "Mozilla/5.0 (Windows NT 10.0; Win64; x64)"
